Archive member included to satisfy reference by file (symbol)

c:/intelfpga_lite/16.1/nios2eds/bin/gnu/h-x86_64-mingw32/bin/../lib/gcc/nios2-elf/5.3.0/../../../../../H-x86_64-mingw32/nios2-elf/lib\libsmallc.a(lib_a-memcpy.o)
                              obj/default/hello_world_small.o (memcpy)
c:/intelfpga_lite/16.1/nios2eds/bin/gnu/h-x86_64-mingw32/bin/../lib/gcc/nios2-elf/5.3.0/../../../../../H-x86_64-mingw32/nios2-elf/lib\libsmallc.a(lib_a-putchar.o)
                              obj/default/hello_world_small.o (putchar)
c:/intelfpga_lite/16.1/nios2eds/bin/gnu/h-x86_64-mingw32/bin/../lib/gcc/nios2-elf/5.3.0/../../../../../H-x86_64-mingw32/nios2-elf/lib\libsmallc.a(lib_a-impure.o)
                              c:/intelfpga_lite/16.1/nios2eds/bin/gnu/h-x86_64-mingw32/bin/../lib/gcc/nios2-elf/5.3.0/../../../../../H-x86_64-mingw32/nios2-elf/lib\libsmallc.a(lib_a-putchar.o) (_impure_ptr)
c:/intelfpga_lite/16.1/nios2eds/bin/gnu/h-x86_64-mingw32/bin/../lib/gcc/nios2-elf/5.3.0/../../../../../H-x86_64-mingw32/nios2-elf/lib\libsmallc.a(lib_a-putc.o)
                              c:/intelfpga_lite/16.1/nios2eds/bin/gnu/h-x86_64-mingw32/bin/../lib/gcc/nios2-elf/5.3.0/../../../../../H-x86_64-mingw32/nios2-elf/lib\libsmallc.a(lib_a-putchar.o) (_putc_r)
c:/intelfpga_lite/16.1/nios2eds/bin/gnu/h-x86_64-mingw32/bin/../lib/gcc/nios2-elf/5.3.0/../../../../../H-x86_64-mingw32/nios2-elf/lib\libsmallc.a(lib_a-fvwrite_small_dev.o)
                              c:/intelfpga_lite/16.1/nios2eds/bin/gnu/h-x86_64-mingw32/bin/../lib/gcc/nios2-elf/5.3.0/../../../../../H-x86_64-mingw32/nios2-elf/lib\libsmallc.a(lib_a-putc.o) (__sfvwrite_small_dev)
c:/intelfpga_lite/16.1/nios2eds/bin/gnu/h-x86_64-mingw32/bin/../lib/gcc/nios2-elf/5.3.0/../../../../../H-x86_64-mingw32/nios2-elf/lib\libsmallc.a(lib_a-writer.o)
                              c:/intelfpga_lite/16.1/nios2eds/bin/gnu/h-x86_64-mingw32/bin/../lib/gcc/nios2-elf/5.3.0/../../../../../H-x86_64-mingw32/nios2-elf/lib\libsmallc.a(lib_a-fvwrite_small_dev.o) (_write_r)
c:/intelfpga_lite/16.1/nios2eds/bin/gnu/h-x86_64-mingw32/bin/../lib/gcc/nios2-elf/5.3.0/../../../../../H-x86_64-mingw32/nios2-elf/lib\libsmallc.a(lib_a-int_errno.o)
                              c:/intelfpga_lite/16.1/nios2eds/bin/gnu/h-x86_64-mingw32/bin/../lib/gcc/nios2-elf/5.3.0/../../../../../H-x86_64-mingw32/nios2-elf/lib\libsmallc.a(lib_a-writer.o) (errno)
../H_Camacho_Exam2_bsp/\libhal_bsp.a(alt_irq_register.o)
                              obj/default/hello_world_small.o (alt_irq_register)
../H_Camacho_Exam2_bsp/\libhal_bsp.a(alt_irq_vars.o)
                              ../H_Camacho_Exam2_bsp/\libhal_bsp.a(alt_irq_register.o) (alt_irq_active)
../H_Camacho_Exam2_bsp/\libhal_bsp.a(alt_load.o)
                              ../H_Camacho_Exam2_bsp//obj/HAL/src/crt0.o (alt_load)
../H_Camacho_Exam2_bsp/\libhal_bsp.a(alt_main.o)
                              ../H_Camacho_Exam2_bsp//obj/HAL/src/crt0.o (alt_main)
../H_Camacho_Exam2_bsp/\libhal_bsp.a(alt_putstr.o)
                              obj/default/hello_world_small.o (alt_putstr)
../H_Camacho_Exam2_bsp/\libhal_bsp.a(alt_write.o)
                              c:/intelfpga_lite/16.1/nios2eds/bin/gnu/h-x86_64-mingw32/bin/../lib/gcc/nios2-elf/5.3.0/../../../../../H-x86_64-mingw32/nios2-elf/lib\libsmallc.a(lib_a-writer.o) (write)
../H_Camacho_Exam2_bsp/\libhal_bsp.a(alt_sys_init.o)
                              ../H_Camacho_Exam2_bsp/\libhal_bsp.a(alt_main.o) (alt_irq_init)
../H_Camacho_Exam2_bsp/\libhal_bsp.a(altera_avalon_jtag_uart_write.o)
                              ../H_Camacho_Exam2_bsp/\libhal_bsp.a(alt_putstr.o) (altera_avalon_jtag_uart_write)
../H_Camacho_Exam2_bsp/\libhal_bsp.a(alt_dcache_flush_all.o)
                              ../H_Camacho_Exam2_bsp/\libhal_bsp.a(alt_load.o) (alt_dcache_flush_all)
../H_Camacho_Exam2_bsp/\libhal_bsp.a(alt_errno.o)
                              ../H_Camacho_Exam2_bsp/\libhal_bsp.a(alt_write.o) (alt_errno)
../H_Camacho_Exam2_bsp/\libhal_bsp.a(alt_icache_flush_all.o)
                              ../H_Camacho_Exam2_bsp/\libhal_bsp.a(alt_load.o) (alt_icache_flush_all)
../H_Camacho_Exam2_bsp/\libhal_bsp.a(alt_irq_entry.o)
                              ../H_Camacho_Exam2_bsp/\libhal_bsp.a(alt_irq_register.o) (alt_irq_entry)
../H_Camacho_Exam2_bsp/\libhal_bsp.a(alt_irq_handler.o)
                              ../H_Camacho_Exam2_bsp/\libhal_bsp.a(alt_irq_register.o) (alt_irq_handler)
../H_Camacho_Exam2_bsp/\libhal_bsp.a(altera_nios2_gen2_irq.o)
                              ../H_Camacho_Exam2_bsp/\libhal_bsp.a(alt_sys_init.o) (altera_nios2_gen2_irq_init)
../H_Camacho_Exam2_bsp/\libhal_bsp.a(alt_exception_entry.o)
                              ../H_Camacho_Exam2_bsp/\libhal_bsp.a(alt_irq_entry.o) (alt_exception)
../H_Camacho_Exam2_bsp/\libhal_bsp.a(alt_icache_flush.o)
                              ../H_Camacho_Exam2_bsp/\libhal_bsp.a(alt_icache_flush_all.o) (alt_icache_flush)
../H_Camacho_Exam2_bsp/\libhal_bsp.a(alt_instruction_exception_entry.o)
                              ../H_Camacho_Exam2_bsp/\libhal_bsp.a(alt_exception_entry.o) (alt_instruction_exception_entry)
c:/intelfpga_lite/16.1/nios2eds/bin/gnu/h-x86_64-mingw32/bin/../lib/gcc/nios2-elf/5.3.0/../../../../../H-x86_64-mingw32/nios2-elf/lib\libsmallc.a(lib_a-strlen.o)
                              ../H_Camacho_Exam2_bsp/\libhal_bsp.a(alt_putstr.o) (strlen)

Allocating common symbols
Common symbol       size              file

alt_irq             0x100             ../H_Camacho_Exam2_bsp/\libhal_bsp.a(alt_irq_handler.o)
edge_capture        0x4               obj/default/hello_world_small.o
errno               0x4               c:/intelfpga_lite/16.1/nios2eds/bin/gnu/h-x86_64-mingw32/bin/../lib/gcc/nios2-elf/5.3.0/../../../../../H-x86_64-mingw32/nios2-elf/lib\libsmallc.a(lib_a-int_errno.o)

Memory Configuration

Name             Origin             Length             Attributes
TCM              0x0000000000000000 0x0000000000000800
reset            0x0000000008000000 0x0000000000000020
SDRAM            0x0000000008000020 0x0000000007fffbe0
interrupt_stack  0x000000000ffffc00 0x0000000000000400
*default*        0x0000000000000000 0xffffffffffffffff

Linker script and memory map

LOAD ../H_Camacho_Exam2_bsp//obj/HAL/src/crt0.o
LOAD obj/default/hello_world_small.o
LOAD c:/intelfpga_lite/16.1/nios2eds/bin/gnu/h-x86_64-mingw32/bin/../lib/gcc/nios2-elf/5.3.0/../../../../../H-x86_64-mingw32/nios2-elf/lib\libstdc++.a
LOAD c:/intelfpga_lite/16.1/nios2eds/bin/gnu/h-x86_64-mingw32/bin/../lib/gcc/nios2-elf/5.3.0/../../../../../H-x86_64-mingw32/nios2-elf/lib\libm.a
LOAD c:/intelfpga_lite/16.1/nios2eds/bin/gnu/h-x86_64-mingw32/bin/../lib/gcc/nios2-elf/5.3.0\libgcc.a
START GROUP
LOAD c:/intelfpga_lite/16.1/nios2eds/bin/gnu/h-x86_64-mingw32/bin/../lib/gcc/nios2-elf/5.3.0/../../../../../H-x86_64-mingw32/nios2-elf/lib\libsmallc.a
LOAD c:/intelfpga_lite/16.1/nios2eds/bin/gnu/h-x86_64-mingw32/bin/../lib/gcc/nios2-elf/5.3.0\libgcc.a
LOAD ../H_Camacho_Exam2_bsp/\libhal_bsp.a
LOAD c:/intelfpga_lite/16.1/nios2eds/bin/gnu/h-x86_64-mingw32/bin/../lib/gcc/nios2-elf/5.3.0/../../../../../H-x86_64-mingw32/nios2-elf/lib\libm.a
END GROUP
LOAD c:/intelfpga_lite/16.1/nios2eds/bin/gnu/h-x86_64-mingw32/bin/../lib/gcc/nios2-elf/5.3.0\libgcc.a
                0x0000000000000000                __alt_mem_TCM = 0x0
                0x0000000008000000                __alt_mem_SDRAM = 0x8000000

.entry          0x0000000008000000       0x20
 *(.entry)
 .entry         0x0000000008000000       0x20 ../H_Camacho_Exam2_bsp//obj/HAL/src/crt0.o
                0x0000000008000000                __reset
                0x000000000800001c                _exit

.exceptions     0x0000000008000020      0x168
                0x0000000008000020                PROVIDE (__ram_exceptions_start, ABSOLUTE (.))
                0x0000000008000020                . = ALIGN (0x20)
 *(.irq)
 *(.exceptions.entry.label)
 .exceptions.entry.label
                0x0000000008000020        0x0 ../H_Camacho_Exam2_bsp/\libhal_bsp.a(alt_irq_entry.o)
                0x0000000008000020                alt_irq_entry
 .exceptions.entry.label
                0x0000000008000020        0x0 ../H_Camacho_Exam2_bsp/\libhal_bsp.a(alt_exception_entry.o)
                0x0000000008000020                alt_exception
 *(.exceptions.entry.user)
 *(.exceptions.entry.ecc_fatal)
 *(.exceptions.entry)
 .exceptions.entry
                0x0000000008000020       0x54 ../H_Camacho_Exam2_bsp/\libhal_bsp.a(alt_exception_entry.o)
 *(.exceptions.irqtest.user)
 *(.exceptions.irqtest)
 .exceptions.irqtest
                0x0000000008000074       0x10 ../H_Camacho_Exam2_bsp/\libhal_bsp.a(alt_irq_entry.o)
 *(.exceptions.irqhandler.user)
 *(.exceptions.irqhandler)
 .exceptions.irqhandler
                0x0000000008000084        0x4 ../H_Camacho_Exam2_bsp/\libhal_bsp.a(alt_irq_entry.o)
 *(.exceptions.irqreturn.user)
 *(.exceptions.irqreturn)
 .exceptions.irqreturn
                0x0000000008000088        0x4 ../H_Camacho_Exam2_bsp/\libhal_bsp.a(alt_irq_entry.o)
 *(.exceptions.notirq.label)
 .exceptions.notirq.label
                0x000000000800008c        0x0 ../H_Camacho_Exam2_bsp/\libhal_bsp.a(alt_irq_entry.o)
 *(.exceptions.notirq.user)
 *(.exceptions.notirq)
 .exceptions.notirq
                0x000000000800008c        0x8 ../H_Camacho_Exam2_bsp/\libhal_bsp.a(alt_exception_entry.o)
 *(.exceptions.soft.user)
 *(.exceptions.soft)
 *(.exceptions.unknown.user)
 *(.exceptions.unknown)
 .exceptions.unknown
                0x0000000008000094       0x14 ../H_Camacho_Exam2_bsp/\libhal_bsp.a(alt_exception_entry.o)
 *(.exceptions.exit.label)
 .exceptions.exit.label
                0x00000000080000a8        0x0 ../H_Camacho_Exam2_bsp/\libhal_bsp.a(alt_irq_entry.o)
 .exceptions.exit.label
                0x00000000080000a8        0x0 ../H_Camacho_Exam2_bsp/\libhal_bsp.a(alt_exception_entry.o)
 *(.exceptions.exit.user)
 *(.exceptions.exit)
 .exceptions.exit
                0x00000000080000a8       0x54 ../H_Camacho_Exam2_bsp/\libhal_bsp.a(alt_exception_entry.o)
 *(.exceptions)
 .exceptions    0x00000000080000fc       0x60 ../H_Camacho_Exam2_bsp/\libhal_bsp.a(alt_irq_handler.o)
                0x00000000080000fc                alt_irq_handler
 .exceptions    0x000000000800015c       0x2c ../H_Camacho_Exam2_bsp/\libhal_bsp.a(alt_instruction_exception_entry.o)
                0x000000000800015c                alt_instruction_exception_entry
                0x0000000008000188                PROVIDE (__ram_exceptions_end, ABSOLUTE (.))
                0x0000000008000020                PROVIDE (__flash_exceptions_start, LOADADDR (.exceptions))

.text           0x0000000008000188      0x9c8
                [!provide]                        PROVIDE (stext, ABSOLUTE (.))
 *(.interp)
 *(.hash)
 *(.dynsym)
 *(.dynstr)
 *(.gnu.version)
 *(.gnu.version_d)
 *(.gnu.version_r)
 *(.rel.init)
 *(.rela.init)
 *(.rel.text .rel.text.* .rel.gnu.linkonce.t.*)
 *(.rela.text .rela.text.* .rela.gnu.linkonce.t.*)
 *(.rel.fini)
 *(.rela.fini)
 *(.rel.rodata .rel.rodata.* .rel.gnu.linkonce.r.*)
 *(.rela.rodata .rela.rodata.* .rela.gnu.linkonce.r.*)
 *(.rel.data .rel.data.* .rel.gnu.linkonce.d.*)
 *(.rela.data .rela.data.* .rela.gnu.linkonce.d.*)
 *(.rel.tdata .rel.tdata.* .rel.gnu.linkonce.td.*)
 *(.rela.tdata .rela.tdata.* .rela.gnu.linkonce.td.*)
 *(.rel.tbss .rel.tbss.* .rel.gnu.linkonce.tb.*)
 *(.rela.tbss .rela.tbss.* .rela.gnu.linkonce.tb.*)
 *(.rel.ctors)
 *(.rela.ctors)
 *(.rel.dtors)
 *(.rela.dtors)
 *(.rel.got)
 *(.rela.got)
 *(.rel.sdata .rel.sdata.* .rel.gnu.linkonce.s.*)
 *(.rela.sdata .rela.sdata.* .rela.gnu.linkonce.s.*)
 *(.rel.sbss .rel.sbss.* .rel.gnu.linkonce.sb.*)
 *(.rela.sbss .rela.sbss.* .rela.gnu.linkonce.sb.*)
 *(.rel.sdata2 .rel.sdata2.* .rel.gnu.linkonce.s2.*)
 *(.rela.sdata2 .rela.sdata2.* .rela.gnu.linkonce.s2.*)
 *(.rel.sbss2 .rel.sbss2.* .rel.gnu.linkonce.sb2.*)
 *(.rela.sbss2 .rela.sbss2.* .rela.gnu.linkonce.sb2.*)
 *(.rel.bss .rel.bss.* .rel.gnu.linkonce.b.*)
 *(.rela.bss .rela.bss.* .rela.gnu.linkonce.b.*)
 *(.rel.plt)
 *(.rela.plt)
 *(.rel.dyn)
 *(.init)
 *(.plt)
 *(.text .stub .text.* .gnu.linkonce.t.*)
 .text          0x0000000008000188       0x4c ../H_Camacho_Exam2_bsp//obj/HAL/src/crt0.o
                0x0000000008000188                _start
 .text          0x00000000080001d4      0x3a4 obj/default/hello_world_small.o
                0x00000000080001d4                randomPattern
                0x0000000008000238                timerSetup
                0x0000000008000260                startDelay
                0x000000000800028c                initHexDisplays
                0x00000000080002d4                LEDGpattern
                0x0000000008000390                LEDpattern
                0x0000000008000490                key_isr
                0x0000000008000558                handle_key_interrupt
 .text.startup  0x0000000008000578       0x4c obj/default/hello_world_small.o
                0x0000000008000578                main
 .text          0x00000000080005c4        0x0 c:/intelfpga_lite/16.1/nios2eds/bin/gnu/h-x86_64-mingw32/bin/../lib/gcc/nios2-elf/5.3.0/../../../../../H-x86_64-mingw32/nios2-elf/lib\libsmallc.a(lib_a-memcpy.o)
 .text.memcpy   0x00000000080005c4       0x28 c:/intelfpga_lite/16.1/nios2eds/bin/gnu/h-x86_64-mingw32/bin/../lib/gcc/nios2-elf/5.3.0/../../../../../H-x86_64-mingw32/nios2-elf/lib\libsmallc.a(lib_a-memcpy.o)
                0x00000000080005c4                memcpy
 .text          0x00000000080005ec        0x0 c:/intelfpga_lite/16.1/nios2eds/bin/gnu/h-x86_64-mingw32/bin/../lib/gcc/nios2-elf/5.3.0/../../../../../H-x86_64-mingw32/nios2-elf/lib\libsmallc.a(lib_a-putchar.o)
 .text._putchar_r
                0x00000000080005ec        0x8 c:/intelfpga_lite/16.1/nios2eds/bin/gnu/h-x86_64-mingw32/bin/../lib/gcc/nios2-elf/5.3.0/../../../../../H-x86_64-mingw32/nios2-elf/lib\libsmallc.a(lib_a-putchar.o)
                0x00000000080005ec                _putchar_r
 .text.putchar  0x00000000080005f4       0x1c c:/intelfpga_lite/16.1/nios2eds/bin/gnu/h-x86_64-mingw32/bin/../lib/gcc/nios2-elf/5.3.0/../../../../../H-x86_64-mingw32/nios2-elf/lib\libsmallc.a(lib_a-putchar.o)
                0x00000000080005f4                putchar
 .text          0x0000000008000610        0x0 c:/intelfpga_lite/16.1/nios2eds/bin/gnu/h-x86_64-mingw32/bin/../lib/gcc/nios2-elf/5.3.0/../../../../../H-x86_64-mingw32/nios2-elf/lib\libsmallc.a(lib_a-impure.o)
 .text          0x0000000008000610        0x0 c:/intelfpga_lite/16.1/nios2eds/bin/gnu/h-x86_64-mingw32/bin/../lib/gcc/nios2-elf/5.3.0/../../../../../H-x86_64-mingw32/nios2-elf/lib\libsmallc.a(lib_a-putc.o)
 .text.putc     0x0000000008000610       0x54 c:/intelfpga_lite/16.1/nios2eds/bin/gnu/h-x86_64-mingw32/bin/../lib/gcc/nios2-elf/5.3.0/../../../../../H-x86_64-mingw32/nios2-elf/lib\libsmallc.a(lib_a-putc.o)
                0x0000000008000610                putc
 .text._putc_r  0x0000000008000664       0x58 c:/intelfpga_lite/16.1/nios2eds/bin/gnu/h-x86_64-mingw32/bin/../lib/gcc/nios2-elf/5.3.0/../../../../../H-x86_64-mingw32/nios2-elf/lib\libsmallc.a(lib_a-putc.o)
                0x0000000008000664                _putc_r
 .text          0x00000000080006bc        0x0 c:/intelfpga_lite/16.1/nios2eds/bin/gnu/h-x86_64-mingw32/bin/../lib/gcc/nios2-elf/5.3.0/../../../../../H-x86_64-mingw32/nios2-elf/lib\libsmallc.a(lib_a-fvwrite_small_dev.o)
 .text.__sfvwrite_small_dev
                0x00000000080006bc       0xb8 c:/intelfpga_lite/16.1/nios2eds/bin/gnu/h-x86_64-mingw32/bin/../lib/gcc/nios2-elf/5.3.0/../../../../../H-x86_64-mingw32/nios2-elf/lib\libsmallc.a(lib_a-fvwrite_small_dev.o)
                0x00000000080006bc                __sfvwrite_small_dev
 .text          0x0000000008000774        0x0 c:/intelfpga_lite/16.1/nios2eds/bin/gnu/h-x86_64-mingw32/bin/../lib/gcc/nios2-elf/5.3.0/../../../../../H-x86_64-mingw32/nios2-elf/lib\libsmallc.a(lib_a-writer.o)
 .text._write_r
                0x0000000008000774       0x58 c:/intelfpga_lite/16.1/nios2eds/bin/gnu/h-x86_64-mingw32/bin/../lib/gcc/nios2-elf/5.3.0/../../../../../H-x86_64-mingw32/nios2-elf/lib\libsmallc.a(lib_a-writer.o)
                0x0000000008000774                _write_r
 .text          0x00000000080007cc        0x0 c:/intelfpga_lite/16.1/nios2eds/bin/gnu/h-x86_64-mingw32/bin/../lib/gcc/nios2-elf/5.3.0/../../../../../H-x86_64-mingw32/nios2-elf/lib\libsmallc.a(lib_a-int_errno.o)
 .text          0x00000000080007cc       0x94 ../H_Camacho_Exam2_bsp/\libhal_bsp.a(alt_irq_register.o)
                0x00000000080007cc                alt_irq_register
 .text          0x0000000008000860        0x0 ../H_Camacho_Exam2_bsp/\libhal_bsp.a(alt_irq_vars.o)
 .text          0x0000000008000860       0xe0 ../H_Camacho_Exam2_bsp/\libhal_bsp.a(alt_load.o)
                0x0000000008000860                alt_load
 .text          0x0000000008000940       0x2c ../H_Camacho_Exam2_bsp/\libhal_bsp.a(alt_main.o)
                0x0000000008000940                alt_main
 .text          0x000000000800096c       0x38 ../H_Camacho_Exam2_bsp/\libhal_bsp.a(alt_putstr.o)
                0x000000000800096c                alt_putstr
 .text          0x00000000080009a4       0x60 ../H_Camacho_Exam2_bsp/\libhal_bsp.a(alt_write.o)
                0x00000000080009a4                write
 .text          0x0000000008000a04       0x24 ../H_Camacho_Exam2_bsp/\libhal_bsp.a(alt_sys_init.o)
                0x0000000008000a04                alt_irq_init
                0x0000000008000a24                alt_sys_init
 .text          0x0000000008000a28       0x34 ../H_Camacho_Exam2_bsp/\libhal_bsp.a(altera_avalon_jtag_uart_write.o)
                0x0000000008000a28                altera_avalon_jtag_uart_write
 .text          0x0000000008000a5c       0x18 ../H_Camacho_Exam2_bsp/\libhal_bsp.a(alt_dcache_flush_all.o)
                0x0000000008000a5c                alt_dcache_flush_all
 .text          0x0000000008000a74        0x0 ../H_Camacho_Exam2_bsp/\libhal_bsp.a(alt_errno.o)
 .text          0x0000000008000a74        0xc ../H_Camacho_Exam2_bsp/\libhal_bsp.a(alt_icache_flush_all.o)
                0x0000000008000a74                alt_icache_flush_all
 .text          0x0000000008000a80        0x0 ../H_Camacho_Exam2_bsp/\libhal_bsp.a(alt_irq_entry.o)
 .text          0x0000000008000a80        0x0 ../H_Camacho_Exam2_bsp/\libhal_bsp.a(alt_irq_handler.o)
 .text          0x0000000008000a80        0x8 ../H_Camacho_Exam2_bsp/\libhal_bsp.a(altera_nios2_gen2_irq.o)
                0x0000000008000a80                altera_nios2_gen2_irq_init
 .text          0x0000000008000a88        0x0 ../H_Camacho_Exam2_bsp/\libhal_bsp.a(alt_exception_entry.o)
 .text          0x0000000008000a88       0x38 ../H_Camacho_Exam2_bsp/\libhal_bsp.a(alt_icache_flush.o)
                0x0000000008000a88                alt_icache_flush
 .text          0x0000000008000ac0       0x74 ../H_Camacho_Exam2_bsp/\libhal_bsp.a(alt_instruction_exception_entry.o)
                0x0000000008000ac0                alt_exception_cause_generated_bad_addr
 .text          0x0000000008000b34        0x0 c:/intelfpga_lite/16.1/nios2eds/bin/gnu/h-x86_64-mingw32/bin/../lib/gcc/nios2-elf/5.3.0/../../../../../H-x86_64-mingw32/nios2-elf/lib\libsmallc.a(lib_a-strlen.o)
 .text.strlen   0x0000000008000b34       0x1c c:/intelfpga_lite/16.1/nios2eds/bin/gnu/h-x86_64-mingw32/bin/../lib/gcc/nios2-elf/5.3.0/../../../../../H-x86_64-mingw32/nios2-elf/lib\libsmallc.a(lib_a-strlen.o)
                0x0000000008000b34                strlen
 *(.gnu.warning.*)
 *(.fini)
                [!provide]                        PROVIDE (__etext, ABSOLUTE (.))
                [!provide]                        PROVIDE (_etext, ABSOLUTE (.))
                [!provide]                        PROVIDE (etext, ABSOLUTE (.))
 *(.eh_frame_hdr)
                0x0000000008000b50                . = ALIGN (0x4)
                [!provide]                        PROVIDE (__preinit_array_start, ABSOLUTE (.))
 *(.preinit_array)
                [!provide]                        PROVIDE (__preinit_array_end, ABSOLUTE (.))
                [!provide]                        PROVIDE (__init_array_start, ABSOLUTE (.))
 *(.init_array)
                [!provide]                        PROVIDE (__init_array_end, ABSOLUTE (.))
                [!provide]                        PROVIDE (__fini_array_start, ABSOLUTE (.))
 *(.fini_array)
                [!provide]                        PROVIDE (__fini_array_end, ABSOLUTE (.))
 *(.eh_frame)
 *(.gcc_except_table .gcc_except_table.*)
 *(.dynamic)
                [!provide]                        PROVIDE (__CTOR_LIST__, ABSOLUTE (.))
 *(.ctors)
 *(SORT(.ctors.*))
                [!provide]                        PROVIDE (__CTOR_END__, ABSOLUTE (.))
                [!provide]                        PROVIDE (__DTOR_LIST__, ABSOLUTE (.))
 *(.dtors)
 *(SORT(.dtors.*))
                [!provide]                        PROVIDE (__DTOR_END__, ABSOLUTE (.))
 *(.jcr)
                0x0000000008000b50                . = ALIGN (0x4)

.rodata         0x0000000008000b50       0x80
                0x0000000008000b50                PROVIDE (__ram_rodata_start, ABSOLUTE (.))
                0x0000000008000b50                . = ALIGN (0x4)
 *(.rodata .rodata.* .gnu.linkonce.r.*)
 .rodata.str1.4
                0x0000000008000b50       0x60 obj/default/hello_world_small.o
 .rodata        0x0000000008000bb0       0x20 obj/default/hello_world_small.o
 *(.rodata1)
                0x0000000008000bd0                . = ALIGN (0x4)
                0x0000000008000bd0                PROVIDE (__ram_rodata_end, ABSOLUTE (.))
                0x0000000008000b50                PROVIDE (__flash_rodata_start, LOADADDR (.rodata))

.rwdata         0x0000000008000bd0       0xf4 load address 0x0000000008000cc4
                0x0000000008000bd0                PROVIDE (__ram_rwdata_start, ABSOLUTE (.))
                0x0000000008000bd0                . = ALIGN (0x4)
 *(.got.plt)
 *(.got)
 *(.data1)
 *(.data .data.* .gnu.linkonce.d.*)
 .data          0x0000000008000bd0        0x0 ../H_Camacho_Exam2_bsp//obj/HAL/src/crt0.o
 .data          0x0000000008000bd0        0x0 obj/default/hello_world_small.o
 .data          0x0000000008000bd0        0x0 c:/intelfpga_lite/16.1/nios2eds/bin/gnu/h-x86_64-mingw32/bin/../lib/gcc/nios2-elf/5.3.0/../../../../../H-x86_64-mingw32/nios2-elf/lib\libsmallc.a(lib_a-memcpy.o)
 .data          0x0000000008000bd0        0x0 c:/intelfpga_lite/16.1/nios2eds/bin/gnu/h-x86_64-mingw32/bin/../lib/gcc/nios2-elf/5.3.0/../../../../../H-x86_64-mingw32/nios2-elf/lib\libsmallc.a(lib_a-putchar.o)
 .data          0x0000000008000bd0        0x0 c:/intelfpga_lite/16.1/nios2eds/bin/gnu/h-x86_64-mingw32/bin/../lib/gcc/nios2-elf/5.3.0/../../../../../H-x86_64-mingw32/nios2-elf/lib\libsmallc.a(lib_a-impure.o)
 .data.impure_data
                0x0000000008000bd0       0xe0 c:/intelfpga_lite/16.1/nios2eds/bin/gnu/h-x86_64-mingw32/bin/../lib/gcc/nios2-elf/5.3.0/../../../../../H-x86_64-mingw32/nios2-elf/lib\libsmallc.a(lib_a-impure.o)
 .data          0x0000000008000cb0        0x0 c:/intelfpga_lite/16.1/nios2eds/bin/gnu/h-x86_64-mingw32/bin/../lib/gcc/nios2-elf/5.3.0/../../../../../H-x86_64-mingw32/nios2-elf/lib\libsmallc.a(lib_a-putc.o)
 .data          0x0000000008000cb0        0x0 c:/intelfpga_lite/16.1/nios2eds/bin/gnu/h-x86_64-mingw32/bin/../lib/gcc/nios2-elf/5.3.0/../../../../../H-x86_64-mingw32/nios2-elf/lib\libsmallc.a(lib_a-fvwrite_small_dev.o)
 .data          0x0000000008000cb0        0x0 c:/intelfpga_lite/16.1/nios2eds/bin/gnu/h-x86_64-mingw32/bin/../lib/gcc/nios2-elf/5.3.0/../../../../../H-x86_64-mingw32/nios2-elf/lib\libsmallc.a(lib_a-writer.o)
 .data          0x0000000008000cb0        0x0 c:/intelfpga_lite/16.1/nios2eds/bin/gnu/h-x86_64-mingw32/bin/../lib/gcc/nios2-elf/5.3.0/../../../../../H-x86_64-mingw32/nios2-elf/lib\libsmallc.a(lib_a-int_errno.o)
 .data          0x0000000008000cb0        0x0 ../H_Camacho_Exam2_bsp/\libhal_bsp.a(alt_irq_register.o)
 .data          0x0000000008000cb0        0x0 ../H_Camacho_Exam2_bsp/\libhal_bsp.a(alt_irq_vars.o)
 .data          0x0000000008000cb0        0x0 ../H_Camacho_Exam2_bsp/\libhal_bsp.a(alt_load.o)
 .data          0x0000000008000cb0        0x0 ../H_Camacho_Exam2_bsp/\libhal_bsp.a(alt_main.o)
 .data          0x0000000008000cb0        0x0 ../H_Camacho_Exam2_bsp/\libhal_bsp.a(alt_putstr.o)
 .data          0x0000000008000cb0        0x0 ../H_Camacho_Exam2_bsp/\libhal_bsp.a(alt_write.o)
 .data          0x0000000008000cb0        0x0 ../H_Camacho_Exam2_bsp/\libhal_bsp.a(alt_sys_init.o)
 .data          0x0000000008000cb0        0x0 ../H_Camacho_Exam2_bsp/\libhal_bsp.a(altera_avalon_jtag_uart_write.o)
 .data          0x0000000008000cb0        0x0 ../H_Camacho_Exam2_bsp/\libhal_bsp.a(alt_dcache_flush_all.o)
 .data          0x0000000008000cb0        0x0 ../H_Camacho_Exam2_bsp/\libhal_bsp.a(alt_errno.o)
 .data          0x0000000008000cb0        0x0 ../H_Camacho_Exam2_bsp/\libhal_bsp.a(alt_icache_flush_all.o)
 .data          0x0000000008000cb0        0x0 ../H_Camacho_Exam2_bsp/\libhal_bsp.a(alt_irq_entry.o)
 .data          0x0000000008000cb0        0x0 ../H_Camacho_Exam2_bsp/\libhal_bsp.a(alt_irq_handler.o)
 .data          0x0000000008000cb0        0x0 ../H_Camacho_Exam2_bsp/\libhal_bsp.a(altera_nios2_gen2_irq.o)
 .data          0x0000000008000cb0        0x0 ../H_Camacho_Exam2_bsp/\libhal_bsp.a(alt_exception_entry.o)
 .data          0x0000000008000cb0        0x0 ../H_Camacho_Exam2_bsp/\libhal_bsp.a(alt_icache_flush.o)
 .data          0x0000000008000cb0        0x0 ../H_Camacho_Exam2_bsp/\libhal_bsp.a(alt_instruction_exception_entry.o)
 .data          0x0000000008000cb0        0x0 c:/intelfpga_lite/16.1/nios2eds/bin/gnu/h-x86_64-mingw32/bin/../lib/gcc/nios2-elf/5.3.0/../../../../../H-x86_64-mingw32/nios2-elf/lib\libsmallc.a(lib_a-strlen.o)
                0x0000000008008cb0                _gp = ABSOLUTE ((. + 0x8000))
                [!provide]                        PROVIDE (gp, _gp)
 *(.rwdata .rwdata.*)
 *(.sdata .sdata.* .gnu.linkonce.s.*)
 .sdata._global_impure_ptr
                0x0000000008000cb0        0x4 c:/intelfpga_lite/16.1/nios2eds/bin/gnu/h-x86_64-mingw32/bin/../lib/gcc/nios2-elf/5.3.0/../../../../../H-x86_64-mingw32/nios2-elf/lib\libsmallc.a(lib_a-impure.o)
                0x0000000008000cb0                _global_impure_ptr
 .sdata._impure_ptr
                0x0000000008000cb4        0x4 c:/intelfpga_lite/16.1/nios2eds/bin/gnu/h-x86_64-mingw32/bin/../lib/gcc/nios2-elf/5.3.0/../../../../../H-x86_64-mingw32/nios2-elf/lib\libsmallc.a(lib_a-impure.o)
                0x0000000008000cb4                _impure_ptr
 .sdata         0x0000000008000cb8        0x4 ../H_Camacho_Exam2_bsp/\libhal_bsp.a(alt_irq_vars.o)
                0x0000000008000cb8                alt_priority_mask
 .sdata         0x0000000008000cbc        0x4 ../H_Camacho_Exam2_bsp/\libhal_bsp.a(alt_sys_init.o)
                0x0000000008000cbc                jtag_uart_0
 .sdata         0x0000000008000cc0        0x4 ../H_Camacho_Exam2_bsp/\libhal_bsp.a(alt_errno.o)
                0x0000000008000cc0                alt_errno
 *(.sdata2 .sdata2.* .gnu.linkonce.s2.*)
                0x0000000008000cc4                . = ALIGN (0x4)
                0x0000000008000cc4                _edata = ABSOLUTE (.)
                [!provide]                        PROVIDE (edata, ABSOLUTE (.))
                0x0000000008000cc4                PROVIDE (__ram_rwdata_end, ABSOLUTE (.))
                0x0000000008000cc4                PROVIDE (__flash_rwdata_start, LOADADDR (.rwdata))

.bss            0x0000000008000db8      0x11c
                0x0000000008000db8                __bss_start = ABSOLUTE (.)
                [!provide]                        PROVIDE (__sbss_start, ABSOLUTE (.))
                [!provide]                        PROVIDE (___sbss_start, ABSOLUTE (.))
 *(.dynsbss)
 *(.sbss .sbss.* .gnu.linkonce.sb.*)
 .sbss          0x0000000008000db8        0x4 obj/default/hello_world_small.o
                0x0000000008000db8                edge_capture
 .sbss          0x0000000008000dbc        0x4 c:/intelfpga_lite/16.1/nios2eds/bin/gnu/h-x86_64-mingw32/bin/../lib/gcc/nios2-elf/5.3.0/../../../../../H-x86_64-mingw32/nios2-elf/lib\libsmallc.a(lib_a-int_errno.o)
                0x0000000008000dbc                errno
 .sbss          0x0000000008000dc0        0x4 ../H_Camacho_Exam2_bsp/\libhal_bsp.a(alt_irq_vars.o)
                0x0000000008000dc0                alt_irq_active
 .sbss          0x0000000008000dc4        0xc ../H_Camacho_Exam2_bsp/\libhal_bsp.a(alt_main.o)
                0x0000000008000dc4                alt_envp
                0x0000000008000dc8                alt_argv
                0x0000000008000dcc                alt_argc
 .sbss          0x0000000008000dd0        0x4 ../H_Camacho_Exam2_bsp/\libhal_bsp.a(alt_instruction_exception_entry.o)
                0x0000000008000dd0                alt_instruction_exception_handler
 *(.sbss2 .sbss2.* .gnu.linkonce.sb2.*)
 *(.scommon)
                [!provide]                        PROVIDE (__sbss_end, ABSOLUTE (.))
                [!provide]                        PROVIDE (___sbss_end, ABSOLUTE (.))
 *(.dynbss)
 *(.bss .bss.* .gnu.linkonce.b.*)
 .bss           0x0000000008000dd4        0x0 ../H_Camacho_Exam2_bsp//obj/HAL/src/crt0.o
 .bss           0x0000000008000dd4        0x0 obj/default/hello_world_small.o
 .bss           0x0000000008000dd4        0x0 c:/intelfpga_lite/16.1/nios2eds/bin/gnu/h-x86_64-mingw32/bin/../lib/gcc/nios2-elf/5.3.0/../../../../../H-x86_64-mingw32/nios2-elf/lib\libsmallc.a(lib_a-memcpy.o)
 .bss           0x0000000008000dd4        0x0 c:/intelfpga_lite/16.1/nios2eds/bin/gnu/h-x86_64-mingw32/bin/../lib/gcc/nios2-elf/5.3.0/../../../../../H-x86_64-mingw32/nios2-elf/lib\libsmallc.a(lib_a-putchar.o)
 .bss           0x0000000008000dd4        0x0 c:/intelfpga_lite/16.1/nios2eds/bin/gnu/h-x86_64-mingw32/bin/../lib/gcc/nios2-elf/5.3.0/../../../../../H-x86_64-mingw32/nios2-elf/lib\libsmallc.a(lib_a-impure.o)
 .bss           0x0000000008000dd4        0x0 c:/intelfpga_lite/16.1/nios2eds/bin/gnu/h-x86_64-mingw32/bin/../lib/gcc/nios2-elf/5.3.0/../../../../../H-x86_64-mingw32/nios2-elf/lib\libsmallc.a(lib_a-putc.o)
 .bss           0x0000000008000dd4        0x0 c:/intelfpga_lite/16.1/nios2eds/bin/gnu/h-x86_64-mingw32/bin/../lib/gcc/nios2-elf/5.3.0/../../../../../H-x86_64-mingw32/nios2-elf/lib\libsmallc.a(lib_a-fvwrite_small_dev.o)
 .bss           0x0000000008000dd4        0x0 c:/intelfpga_lite/16.1/nios2eds/bin/gnu/h-x86_64-mingw32/bin/../lib/gcc/nios2-elf/5.3.0/../../../../../H-x86_64-mingw32/nios2-elf/lib\libsmallc.a(lib_a-writer.o)
 .bss           0x0000000008000dd4        0x0 c:/intelfpga_lite/16.1/nios2eds/bin/gnu/h-x86_64-mingw32/bin/../lib/gcc/nios2-elf/5.3.0/../../../../../H-x86_64-mingw32/nios2-elf/lib\libsmallc.a(lib_a-int_errno.o)
 .bss           0x0000000008000dd4        0x0 ../H_Camacho_Exam2_bsp/\libhal_bsp.a(alt_irq_register.o)
 .bss           0x0000000008000dd4        0x0 ../H_Camacho_Exam2_bsp/\libhal_bsp.a(alt_irq_vars.o)
 .bss           0x0000000008000dd4        0x0 ../H_Camacho_Exam2_bsp/\libhal_bsp.a(alt_load.o)
 .bss           0x0000000008000dd4        0x0 ../H_Camacho_Exam2_bsp/\libhal_bsp.a(alt_main.o)
 .bss           0x0000000008000dd4        0x0 ../H_Camacho_Exam2_bsp/\libhal_bsp.a(alt_putstr.o)
 .bss           0x0000000008000dd4        0x0 ../H_Camacho_Exam2_bsp/\libhal_bsp.a(alt_write.o)
 .bss           0x0000000008000dd4        0x0 ../H_Camacho_Exam2_bsp/\libhal_bsp.a(alt_sys_init.o)
 .bss           0x0000000008000dd4        0x0 ../H_Camacho_Exam2_bsp/\libhal_bsp.a(altera_avalon_jtag_uart_write.o)
 .bss           0x0000000008000dd4        0x0 ../H_Camacho_Exam2_bsp/\libhal_bsp.a(alt_dcache_flush_all.o)
 .bss           0x0000000008000dd4        0x0 ../H_Camacho_Exam2_bsp/\libhal_bsp.a(alt_errno.o)
 .bss           0x0000000008000dd4        0x0 ../H_Camacho_Exam2_bsp/\libhal_bsp.a(alt_icache_flush_all.o)
 .bss           0x0000000008000dd4        0x0 ../H_Camacho_Exam2_bsp/\libhal_bsp.a(alt_irq_entry.o)
 .bss           0x0000000008000dd4        0x0 ../H_Camacho_Exam2_bsp/\libhal_bsp.a(alt_irq_handler.o)
 .bss           0x0000000008000dd4        0x0 ../H_Camacho_Exam2_bsp/\libhal_bsp.a(altera_nios2_gen2_irq.o)
 .bss           0x0000000008000dd4        0x0 ../H_Camacho_Exam2_bsp/\libhal_bsp.a(alt_exception_entry.o)
 .bss           0x0000000008000dd4        0x0 ../H_Camacho_Exam2_bsp/\libhal_bsp.a(alt_icache_flush.o)
 .bss           0x0000000008000dd4        0x0 ../H_Camacho_Exam2_bsp/\libhal_bsp.a(alt_instruction_exception_entry.o)
 .bss           0x0000000008000dd4        0x0 c:/intelfpga_lite/16.1/nios2eds/bin/gnu/h-x86_64-mingw32/bin/../lib/gcc/nios2-elf/5.3.0/../../../../../H-x86_64-mingw32/nios2-elf/lib\libsmallc.a(lib_a-strlen.o)
 *(COMMON)
 COMMON         0x0000000008000dd4      0x100 ../H_Camacho_Exam2_bsp/\libhal_bsp.a(alt_irq_handler.o)
                0x0000000008000dd4                alt_irq
                0x0000000008000ed4                . = ALIGN (0x4)
                0x0000000008000ed4                __bss_end = ABSOLUTE (.)

.TCM            0x0000000000000000        0x0 load address 0x0000000008000ed4
                [!provide]                        PROVIDE (_alt_partition_TCM_start, ABSOLUTE (.))
 *(.TCM .TCM. TCM.*)
                0x0000000000000000                . = ALIGN (0x4)
                [!provide]                        PROVIDE (_alt_partition_TCM_end, ABSOLUTE (.))
                [!provide]                        PROVIDE (_alt_partition_TCM_load_addr, LOADADDR (.TCM))

.SDRAM          0x0000000008000ed4        0x0
                [!provide]                        PROVIDE (_alt_partition_SDRAM_start, ABSOLUTE (.))
 *(.SDRAM .SDRAM. SDRAM.*)
                0x0000000008000ed4                . = ALIGN (0x4)
                [!provide]                        PROVIDE (_alt_partition_SDRAM_end, ABSOLUTE (.))
                0x0000000008000ed4                _end = ABSOLUTE (.)
                0x0000000008000ed4                end = ABSOLUTE (.)
                0x0000000008000ed4                __alt_stack_base = ABSOLUTE (.)
                [!provide]                        PROVIDE (_alt_partition_SDRAM_load_addr, LOADADDR (.SDRAM))

.stab
 *(.stab)

.stabstr
 *(.stabstr)

.stab.excl
 *(.stab.excl)

.stab.exclstr
 *(.stab.exclstr)

.stab.index
 *(.stab.index)

.stab.indexstr
 *(.stab.indexstr)

.comment        0x0000000000000000       0x23
 *(.comment)
 .comment       0x0000000000000000       0x23 obj/default/hello_world_small.o
                                         0x24 (size before relaxing)
 .comment       0x0000000000000023       0x24 c:/intelfpga_lite/16.1/nios2eds/bin/gnu/h-x86_64-mingw32/bin/../lib/gcc/nios2-elf/5.3.0/../../../../../H-x86_64-mingw32/nios2-elf/lib\libsmallc.a(lib_a-memcpy.o)
 .comment       0x0000000000000023       0x24 c:/intelfpga_lite/16.1/nios2eds/bin/gnu/h-x86_64-mingw32/bin/../lib/gcc/nios2-elf/5.3.0/../../../../../H-x86_64-mingw32/nios2-elf/lib\libsmallc.a(lib_a-putchar.o)
 .comment       0x0000000000000023       0x24 c:/intelfpga_lite/16.1/nios2eds/bin/gnu/h-x86_64-mingw32/bin/../lib/gcc/nios2-elf/5.3.0/../../../../../H-x86_64-mingw32/nios2-elf/lib\libsmallc.a(lib_a-impure.o)
 .comment       0x0000000000000023       0x24 c:/intelfpga_lite/16.1/nios2eds/bin/gnu/h-x86_64-mingw32/bin/../lib/gcc/nios2-elf/5.3.0/../../../../../H-x86_64-mingw32/nios2-elf/lib\libsmallc.a(lib_a-putc.o)
 .comment       0x0000000000000023       0x24 c:/intelfpga_lite/16.1/nios2eds/bin/gnu/h-x86_64-mingw32/bin/../lib/gcc/nios2-elf/5.3.0/../../../../../H-x86_64-mingw32/nios2-elf/lib\libsmallc.a(lib_a-fvwrite_small_dev.o)
 .comment       0x0000000000000023       0x24 c:/intelfpga_lite/16.1/nios2eds/bin/gnu/h-x86_64-mingw32/bin/../lib/gcc/nios2-elf/5.3.0/../../../../../H-x86_64-mingw32/nios2-elf/lib\libsmallc.a(lib_a-writer.o)
 .comment       0x0000000000000023       0x24 c:/intelfpga_lite/16.1/nios2eds/bin/gnu/h-x86_64-mingw32/bin/../lib/gcc/nios2-elf/5.3.0/../../../../../H-x86_64-mingw32/nios2-elf/lib\libsmallc.a(lib_a-int_errno.o)
 .comment       0x0000000000000023       0x24 ../H_Camacho_Exam2_bsp/\libhal_bsp.a(alt_irq_register.o)
 .comment       0x0000000000000023       0x24 ../H_Camacho_Exam2_bsp/\libhal_bsp.a(alt_irq_vars.o)
 .comment       0x0000000000000023       0x24 ../H_Camacho_Exam2_bsp/\libhal_bsp.a(alt_load.o)
 .comment       0x0000000000000023       0x24 ../H_Camacho_Exam2_bsp/\libhal_bsp.a(alt_main.o)
 .comment       0x0000000000000023       0x24 ../H_Camacho_Exam2_bsp/\libhal_bsp.a(alt_putstr.o)
 .comment       0x0000000000000023       0x24 ../H_Camacho_Exam2_bsp/\libhal_bsp.a(alt_write.o)
 .comment       0x0000000000000023       0x24 ../H_Camacho_Exam2_bsp/\libhal_bsp.a(alt_sys_init.o)
 .comment       0x0000000000000023       0x24 ../H_Camacho_Exam2_bsp/\libhal_bsp.a(altera_avalon_jtag_uart_write.o)
 .comment       0x0000000000000023       0x24 ../H_Camacho_Exam2_bsp/\libhal_bsp.a(alt_dcache_flush_all.o)
 .comment       0x0000000000000023       0x24 ../H_Camacho_Exam2_bsp/\libhal_bsp.a(alt_errno.o)
 .comment       0x0000000000000023       0x24 ../H_Camacho_Exam2_bsp/\libhal_bsp.a(alt_icache_flush_all.o)
 .comment       0x0000000000000023       0x24 ../H_Camacho_Exam2_bsp/\libhal_bsp.a(alt_irq_handler.o)
 .comment       0x0000000000000023       0x24 ../H_Camacho_Exam2_bsp/\libhal_bsp.a(altera_nios2_gen2_irq.o)
 .comment       0x0000000000000023       0x24 ../H_Camacho_Exam2_bsp/\libhal_bsp.a(alt_icache_flush.o)
 .comment       0x0000000000000023       0x24 ../H_Camacho_Exam2_bsp/\libhal_bsp.a(alt_instruction_exception_entry.o)
 .comment       0x0000000000000023       0x24 c:/intelfpga_lite/16.1/nios2eds/bin/gnu/h-x86_64-mingw32/bin/../lib/gcc/nios2-elf/5.3.0/../../../../../H-x86_64-mingw32/nios2-elf/lib\libsmallc.a(lib_a-strlen.o)

.debug
 *(.debug)

.line
 *(.line)

.debug_srcinfo
 *(.debug_srcinfo)

.debug_sfnames
 *(.debug_sfnames)

.debug_aranges  0x0000000000000000      0x390
 *(.debug_aranges)
 .debug_aranges
                0x0000000000000000       0x28 ../H_Camacho_Exam2_bsp//obj/HAL/src/crt0.o
 .debug_aranges
                0x0000000000000028       0x28 obj/default/hello_world_small.o
 .debug_aranges
                0x0000000000000050       0x20 c:/intelfpga_lite/16.1/nios2eds/bin/gnu/h-x86_64-mingw32/bin/../lib/gcc/nios2-elf/5.3.0/../../../../../H-x86_64-mingw32/nios2-elf/lib\libsmallc.a(lib_a-memcpy.o)
 .debug_aranges
                0x0000000000000070       0x28 c:/intelfpga_lite/16.1/nios2eds/bin/gnu/h-x86_64-mingw32/bin/../lib/gcc/nios2-elf/5.3.0/../../../../../H-x86_64-mingw32/nios2-elf/lib\libsmallc.a(lib_a-putchar.o)
 .debug_aranges
                0x0000000000000098       0x18 c:/intelfpga_lite/16.1/nios2eds/bin/gnu/h-x86_64-mingw32/bin/../lib/gcc/nios2-elf/5.3.0/../../../../../H-x86_64-mingw32/nios2-elf/lib\libsmallc.a(lib_a-impure.o)
 .debug_aranges
                0x00000000000000b0       0x28 c:/intelfpga_lite/16.1/nios2eds/bin/gnu/h-x86_64-mingw32/bin/../lib/gcc/nios2-elf/5.3.0/../../../../../H-x86_64-mingw32/nios2-elf/lib\libsmallc.a(lib_a-putc.o)
 .debug_aranges
                0x00000000000000d8       0x20 c:/intelfpga_lite/16.1/nios2eds/bin/gnu/h-x86_64-mingw32/bin/../lib/gcc/nios2-elf/5.3.0/../../../../../H-x86_64-mingw32/nios2-elf/lib\libsmallc.a(lib_a-fvwrite_small_dev.o)
 .debug_aranges
                0x00000000000000f8       0x20 c:/intelfpga_lite/16.1/nios2eds/bin/gnu/h-x86_64-mingw32/bin/../lib/gcc/nios2-elf/5.3.0/../../../../../H-x86_64-mingw32/nios2-elf/lib\libsmallc.a(lib_a-writer.o)
 .debug_aranges
                0x0000000000000118       0x18 c:/intelfpga_lite/16.1/nios2eds/bin/gnu/h-x86_64-mingw32/bin/../lib/gcc/nios2-elf/5.3.0/../../../../../H-x86_64-mingw32/nios2-elf/lib\libsmallc.a(lib_a-int_errno.o)
 .debug_aranges
                0x0000000000000130       0x20 ../H_Camacho_Exam2_bsp/\libhal_bsp.a(alt_irq_register.o)
 .debug_aranges
                0x0000000000000150       0x18 ../H_Camacho_Exam2_bsp/\libhal_bsp.a(alt_irq_vars.o)
 .debug_aranges
                0x0000000000000168       0x20 ../H_Camacho_Exam2_bsp/\libhal_bsp.a(alt_load.o)
 .debug_aranges
                0x0000000000000188       0x20 ../H_Camacho_Exam2_bsp/\libhal_bsp.a(alt_main.o)
 .debug_aranges
                0x00000000000001a8       0x20 ../H_Camacho_Exam2_bsp/\libhal_bsp.a(alt_putstr.o)
 .debug_aranges
                0x00000000000001c8       0x20 ../H_Camacho_Exam2_bsp/\libhal_bsp.a(alt_write.o)
 .debug_aranges
                0x00000000000001e8       0x20 ../H_Camacho_Exam2_bsp/\libhal_bsp.a(alt_sys_init.o)
 .debug_aranges
                0x0000000000000208       0x20 ../H_Camacho_Exam2_bsp/\libhal_bsp.a(altera_avalon_jtag_uart_write.o)
 .debug_aranges
                0x0000000000000228       0x20 ../H_Camacho_Exam2_bsp/\libhal_bsp.a(alt_dcache_flush_all.o)
 .debug_aranges
                0x0000000000000248       0x18 ../H_Camacho_Exam2_bsp/\libhal_bsp.a(alt_errno.o)
 .debug_aranges
                0x0000000000000260       0x20 ../H_Camacho_Exam2_bsp/\libhal_bsp.a(alt_icache_flush_all.o)
 .debug_aranges
                0x0000000000000280       0x30 ../H_Camacho_Exam2_bsp/\libhal_bsp.a(alt_irq_entry.o)
 .debug_aranges
                0x00000000000002b0       0x20 ../H_Camacho_Exam2_bsp/\libhal_bsp.a(alt_irq_handler.o)
 .debug_aranges
                0x00000000000002d0       0x20 ../H_Camacho_Exam2_bsp/\libhal_bsp.a(altera_nios2_gen2_irq.o)
 .debug_aranges
                0x00000000000002f0       0x38 ../H_Camacho_Exam2_bsp/\libhal_bsp.a(alt_exception_entry.o)
 .debug_aranges
                0x0000000000000328       0x20 ../H_Camacho_Exam2_bsp/\libhal_bsp.a(alt_icache_flush.o)
 .debug_aranges
                0x0000000000000348       0x28 ../H_Camacho_Exam2_bsp/\libhal_bsp.a(alt_instruction_exception_entry.o)
 .debug_aranges
                0x0000000000000370       0x20 c:/intelfpga_lite/16.1/nios2eds/bin/gnu/h-x86_64-mingw32/bin/../lib/gcc/nios2-elf/5.3.0/../../../../../H-x86_64-mingw32/nios2-elf/lib\libsmallc.a(lib_a-strlen.o)

.debug_pubnames
 *(.debug_pubnames)

.debug_info     0x0000000000000000     0x3ba7
 *(.debug_info .gnu.linkonce.wi.*)
 .debug_info    0x0000000000000000       0x6a ../H_Camacho_Exam2_bsp//obj/HAL/src/crt0.o
 .debug_info    0x000000000000006a      0x55e obj/default/hello_world_small.o
 .debug_info    0x00000000000005c8      0x119 c:/intelfpga_lite/16.1/nios2eds/bin/gnu/h-x86_64-mingw32/bin/../lib/gcc/nios2-elf/5.3.0/../../../../../H-x86_64-mingw32/nios2-elf/lib\libsmallc.a(lib_a-memcpy.o)
 .debug_info    0x00000000000006e1      0x62a c:/intelfpga_lite/16.1/nios2eds/bin/gnu/h-x86_64-mingw32/bin/../lib/gcc/nios2-elf/5.3.0/../../../../../H-x86_64-mingw32/nios2-elf/lib\libsmallc.a(lib_a-putchar.o)
 .debug_info    0x0000000000000d0b      0x5a9 c:/intelfpga_lite/16.1/nios2eds/bin/gnu/h-x86_64-mingw32/bin/../lib/gcc/nios2-elf/5.3.0/../../../../../H-x86_64-mingw32/nios2-elf/lib\libsmallc.a(lib_a-impure.o)
 .debug_info    0x00000000000012b4      0x672 c:/intelfpga_lite/16.1/nios2eds/bin/gnu/h-x86_64-mingw32/bin/../lib/gcc/nios2-elf/5.3.0/../../../../../H-x86_64-mingw32/nios2-elf/lib\libsmallc.a(lib_a-putc.o)
 .debug_info    0x0000000000001926      0x62b c:/intelfpga_lite/16.1/nios2eds/bin/gnu/h-x86_64-mingw32/bin/../lib/gcc/nios2-elf/5.3.0/../../../../../H-x86_64-mingw32/nios2-elf/lib\libsmallc.a(lib_a-fvwrite_small_dev.o)
 .debug_info    0x0000000000001f51      0x630 c:/intelfpga_lite/16.1/nios2eds/bin/gnu/h-x86_64-mingw32/bin/../lib/gcc/nios2-elf/5.3.0/../../../../../H-x86_64-mingw32/nios2-elf/lib\libsmallc.a(lib_a-writer.o)
 .debug_info    0x0000000000002581       0x8a c:/intelfpga_lite/16.1/nios2eds/bin/gnu/h-x86_64-mingw32/bin/../lib/gcc/nios2-elf/5.3.0/../../../../../H-x86_64-mingw32/nios2-elf/lib\libsmallc.a(lib_a-int_errno.o)
 .debug_info    0x000000000000260b      0x308 ../H_Camacho_Exam2_bsp/\libhal_bsp.a(alt_irq_register.o)
 .debug_info    0x0000000000002913       0x88 ../H_Camacho_Exam2_bsp/\libhal_bsp.a(alt_irq_vars.o)
 .debug_info    0x000000000000299b      0x1c9 ../H_Camacho_Exam2_bsp/\libhal_bsp.a(alt_load.o)
 .debug_info    0x0000000000002b64      0x169 ../H_Camacho_Exam2_bsp/\libhal_bsp.a(alt_main.o)
 .debug_info    0x0000000000002ccd      0x13a ../H_Camacho_Exam2_bsp/\libhal_bsp.a(alt_putstr.o)
 .debug_info    0x0000000000002e07      0x1c7 ../H_Camacho_Exam2_bsp/\libhal_bsp.a(alt_write.o)
 .debug_info    0x0000000000002fce      0x19d ../H_Camacho_Exam2_bsp/\libhal_bsp.a(alt_sys_init.o)
 .debug_info    0x000000000000316b      0x197 ../H_Camacho_Exam2_bsp/\libhal_bsp.a(altera_avalon_jtag_uart_write.o)
 .debug_info    0x0000000000003302       0xa6 ../H_Camacho_Exam2_bsp/\libhal_bsp.a(alt_dcache_flush_all.o)
 .debug_info    0x00000000000033a8       0xa6 ../H_Camacho_Exam2_bsp/\libhal_bsp.a(alt_errno.o)
 .debug_info    0x000000000000344e       0xb8 ../H_Camacho_Exam2_bsp/\libhal_bsp.a(alt_icache_flush_all.o)
 .debug_info    0x0000000000003506       0x73 ../H_Camacho_Exam2_bsp/\libhal_bsp.a(alt_irq_entry.o)
 .debug_info    0x0000000000003579      0x184 ../H_Camacho_Exam2_bsp/\libhal_bsp.a(alt_irq_handler.o)
 .debug_info    0x00000000000036fd       0x92 ../H_Camacho_Exam2_bsp/\libhal_bsp.a(altera_nios2_gen2_irq.o)
 .debug_info    0x000000000000378f       0x79 ../H_Camacho_Exam2_bsp/\libhal_bsp.a(alt_exception_entry.o)
 .debug_info    0x0000000000003808       0xde ../H_Camacho_Exam2_bsp/\libhal_bsp.a(alt_icache_flush.o)
 .debug_info    0x00000000000038e6      0x1f8 ../H_Camacho_Exam2_bsp/\libhal_bsp.a(alt_instruction_exception_entry.o)
 .debug_info    0x0000000000003ade       0xc9 c:/intelfpga_lite/16.1/nios2eds/bin/gnu/h-x86_64-mingw32/bin/../lib/gcc/nios2-elf/5.3.0/../../../../../H-x86_64-mingw32/nios2-elf/lib\libsmallc.a(lib_a-strlen.o)

.debug_abbrev   0x0000000000000000     0x17ae
 *(.debug_abbrev)
 .debug_abbrev  0x0000000000000000       0x12 ../H_Camacho_Exam2_bsp//obj/HAL/src/crt0.o
 .debug_abbrev  0x0000000000000012      0x276 obj/default/hello_world_small.o
 .debug_abbrev  0x0000000000000288       0x9c c:/intelfpga_lite/16.1/nios2eds/bin/gnu/h-x86_64-mingw32/bin/../lib/gcc/nios2-elf/5.3.0/../../../../../H-x86_64-mingw32/nios2-elf/lib\libsmallc.a(lib_a-memcpy.o)
 .debug_abbrev  0x0000000000000324      0x1c0 c:/intelfpga_lite/16.1/nios2eds/bin/gnu/h-x86_64-mingw32/bin/../lib/gcc/nios2-elf/5.3.0/../../../../../H-x86_64-mingw32/nios2-elf/lib\libsmallc.a(lib_a-putchar.o)
 .debug_abbrev  0x00000000000004e4      0x14a c:/intelfpga_lite/16.1/nios2eds/bin/gnu/h-x86_64-mingw32/bin/../lib/gcc/nios2-elf/5.3.0/../../../../../H-x86_64-mingw32/nios2-elf/lib\libsmallc.a(lib_a-impure.o)
 .debug_abbrev  0x000000000000062e      0x1bd c:/intelfpga_lite/16.1/nios2eds/bin/gnu/h-x86_64-mingw32/bin/../lib/gcc/nios2-elf/5.3.0/../../../../../H-x86_64-mingw32/nios2-elf/lib\libsmallc.a(lib_a-putc.o)
 .debug_abbrev  0x00000000000007eb      0x1bc c:/intelfpga_lite/16.1/nios2eds/bin/gnu/h-x86_64-mingw32/bin/../lib/gcc/nios2-elf/5.3.0/../../../../../H-x86_64-mingw32/nios2-elf/lib\libsmallc.a(lib_a-fvwrite_small_dev.o)
 .debug_abbrev  0x00000000000009a7      0x1a6 c:/intelfpga_lite/16.1/nios2eds/bin/gnu/h-x86_64-mingw32/bin/../lib/gcc/nios2-elf/5.3.0/../../../../../H-x86_64-mingw32/nios2-elf/lib\libsmallc.a(lib_a-writer.o)
 .debug_abbrev  0x0000000000000b4d       0x37 c:/intelfpga_lite/16.1/nios2eds/bin/gnu/h-x86_64-mingw32/bin/../lib/gcc/nios2-elf/5.3.0/../../../../../H-x86_64-mingw32/nios2-elf/lib\libsmallc.a(lib_a-int_errno.o)
 .debug_abbrev  0x0000000000000b84      0x1a5 ../H_Camacho_Exam2_bsp/\libhal_bsp.a(alt_irq_register.o)
 .debug_abbrev  0x0000000000000d29       0x40 ../H_Camacho_Exam2_bsp/\libhal_bsp.a(alt_irq_vars.o)
 .debug_abbrev  0x0000000000000d69       0xd8 ../H_Camacho_Exam2_bsp/\libhal_bsp.a(alt_load.o)
 .debug_abbrev  0x0000000000000e41       0xee ../H_Camacho_Exam2_bsp/\libhal_bsp.a(alt_main.o)
 .debug_abbrev  0x0000000000000f2f       0xd3 ../H_Camacho_Exam2_bsp/\libhal_bsp.a(alt_putstr.o)
 .debug_abbrev  0x0000000000001002      0x12e ../H_Camacho_Exam2_bsp/\libhal_bsp.a(alt_write.o)
 .debug_abbrev  0x0000000000001130      0x10e ../H_Camacho_Exam2_bsp/\libhal_bsp.a(alt_sys_init.o)
 .debug_abbrev  0x000000000000123e       0xd5 ../H_Camacho_Exam2_bsp/\libhal_bsp.a(altera_avalon_jtag_uart_write.o)
 .debug_abbrev  0x0000000000001313       0x5a ../H_Camacho_Exam2_bsp/\libhal_bsp.a(alt_dcache_flush_all.o)
 .debug_abbrev  0x000000000000136d       0x5a ../H_Camacho_Exam2_bsp/\libhal_bsp.a(alt_errno.o)
 .debug_abbrev  0x00000000000013c7       0x6f ../H_Camacho_Exam2_bsp/\libhal_bsp.a(alt_icache_flush_all.o)
 .debug_abbrev  0x0000000000001436       0x12 ../H_Camacho_Exam2_bsp/\libhal_bsp.a(alt_irq_entry.o)
 .debug_abbrev  0x0000000000001448      0x120 ../H_Camacho_Exam2_bsp/\libhal_bsp.a(alt_irq_handler.o)
 .debug_abbrev  0x0000000000001568       0x42 ../H_Camacho_Exam2_bsp/\libhal_bsp.a(altera_nios2_gen2_irq.o)
 .debug_abbrev  0x00000000000015aa       0x12 ../H_Camacho_Exam2_bsp/\libhal_bsp.a(alt_exception_entry.o)
 .debug_abbrev  0x00000000000015bc       0x9b ../H_Camacho_Exam2_bsp/\libhal_bsp.a(alt_icache_flush.o)
 .debug_abbrev  0x0000000000001657       0xd8 ../H_Camacho_Exam2_bsp/\libhal_bsp.a(alt_instruction_exception_entry.o)
 .debug_abbrev  0x000000000000172f       0x7f c:/intelfpga_lite/16.1/nios2eds/bin/gnu/h-x86_64-mingw32/bin/../lib/gcc/nios2-elf/5.3.0/../../../../../H-x86_64-mingw32/nios2-elf/lib\libsmallc.a(lib_a-strlen.o)

.debug_line     0x0000000000000000     0x1932
 *(.debug_line)
 .debug_line    0x0000000000000000       0x72 ../H_Camacho_Exam2_bsp//obj/HAL/src/crt0.o
 .debug_line    0x0000000000000072      0x180 obj/default/hello_world_small.o
 .debug_line    0x00000000000001f2      0x15b c:/intelfpga_lite/16.1/nios2eds/bin/gnu/h-x86_64-mingw32/bin/../lib/gcc/nios2-elf/5.3.0/../../../../../H-x86_64-mingw32/nios2-elf/lib\libsmallc.a(lib_a-memcpy.o)
 .debug_line    0x000000000000034d      0x1e6 c:/intelfpga_lite/16.1/nios2eds/bin/gnu/h-x86_64-mingw32/bin/../lib/gcc/nios2-elf/5.3.0/../../../../../H-x86_64-mingw32/nios2-elf/lib\libsmallc.a(lib_a-putchar.o)
 .debug_line    0x0000000000000533      0x153 c:/intelfpga_lite/16.1/nios2eds/bin/gnu/h-x86_64-mingw32/bin/../lib/gcc/nios2-elf/5.3.0/../../../../../H-x86_64-mingw32/nios2-elf/lib\libsmallc.a(lib_a-impure.o)
 .debug_line    0x0000000000000686      0x1ff c:/intelfpga_lite/16.1/nios2eds/bin/gnu/h-x86_64-mingw32/bin/../lib/gcc/nios2-elf/5.3.0/../../../../../H-x86_64-mingw32/nios2-elf/lib\libsmallc.a(lib_a-putc.o)
 .debug_line    0x0000000000000885      0x1ed c:/intelfpga_lite/16.1/nios2eds/bin/gnu/h-x86_64-mingw32/bin/../lib/gcc/nios2-elf/5.3.0/../../../../../H-x86_64-mingw32/nios2-elf/lib\libsmallc.a(lib_a-fvwrite_small_dev.o)
 .debug_line    0x0000000000000a72      0x1ea c:/intelfpga_lite/16.1/nios2eds/bin/gnu/h-x86_64-mingw32/bin/../lib/gcc/nios2-elf/5.3.0/../../../../../H-x86_64-mingw32/nios2-elf/lib\libsmallc.a(lib_a-writer.o)
 .debug_line    0x0000000000000c5c       0x5c c:/intelfpga_lite/16.1/nios2eds/bin/gnu/h-x86_64-mingw32/bin/../lib/gcc/nios2-elf/5.3.0/../../../../../H-x86_64-mingw32/nios2-elf/lib\libsmallc.a(lib_a-int_errno.o)
 .debug_line    0x0000000000000cb8       0xed ../H_Camacho_Exam2_bsp/\libhal_bsp.a(alt_irq_register.o)
 .debug_line    0x0000000000000da5       0x50 ../H_Camacho_Exam2_bsp/\libhal_bsp.a(alt_irq_vars.o)
 .debug_line    0x0000000000000df5       0xa4 ../H_Camacho_Exam2_bsp/\libhal_bsp.a(alt_load.o)
 .debug_line    0x0000000000000e99       0xbd ../H_Camacho_Exam2_bsp/\libhal_bsp.a(alt_main.o)
 .debug_line    0x0000000000000f56       0xa0 ../H_Camacho_Exam2_bsp/\libhal_bsp.a(alt_putstr.o)
 .debug_line    0x0000000000000ff6      0x16a ../H_Camacho_Exam2_bsp/\libhal_bsp.a(alt_write.o)
 .debug_line    0x0000000000001160      0x11a ../H_Camacho_Exam2_bsp/\libhal_bsp.a(alt_sys_init.o)
 .debug_line    0x000000000000127a       0xf0 ../H_Camacho_Exam2_bsp/\libhal_bsp.a(altera_avalon_jtag_uart_write.o)
 .debug_line    0x000000000000136a       0x5a ../H_Camacho_Exam2_bsp/\libhal_bsp.a(alt_dcache_flush_all.o)
 .debug_line    0x00000000000013c4       0x51 ../H_Camacho_Exam2_bsp/\libhal_bsp.a(alt_errno.o)
 .debug_line    0x0000000000001415       0x6e ../H_Camacho_Exam2_bsp/\libhal_bsp.a(alt_icache_flush_all.o)
 .debug_line    0x0000000000001483       0x6b ../H_Camacho_Exam2_bsp/\libhal_bsp.a(alt_irq_entry.o)
 .debug_line    0x00000000000014ee       0xa5 ../H_Camacho_Exam2_bsp/\libhal_bsp.a(alt_irq_handler.o)
 .debug_line    0x0000000000001593       0x50 ../H_Camacho_Exam2_bsp/\libhal_bsp.a(altera_nios2_gen2_irq.o)
 .debug_line    0x00000000000015e3       0xb3 ../H_Camacho_Exam2_bsp/\libhal_bsp.a(alt_exception_entry.o)
 .debug_line    0x0000000000001696       0x7d ../H_Camacho_Exam2_bsp/\libhal_bsp.a(alt_icache_flush.o)
 .debug_line    0x0000000000001713       0xc6 ../H_Camacho_Exam2_bsp/\libhal_bsp.a(alt_instruction_exception_entry.o)
 .debug_line    0x00000000000017d9      0x159 c:/intelfpga_lite/16.1/nios2eds/bin/gnu/h-x86_64-mingw32/bin/../lib/gcc/nios2-elf/5.3.0/../../../../../H-x86_64-mingw32/nios2-elf/lib\libsmallc.a(lib_a-strlen.o)

.debug_frame    0x0000000000000000      0x47c
 *(.debug_frame)
 .debug_frame   0x0000000000000000      0x114 obj/default/hello_world_small.o
 .debug_frame   0x0000000000000114       0x20 c:/intelfpga_lite/16.1/nios2eds/bin/gnu/h-x86_64-mingw32/bin/../lib/gcc/nios2-elf/5.3.0/../../../../../H-x86_64-mingw32/nios2-elf/lib\libsmallc.a(lib_a-memcpy.o)
 .debug_frame   0x0000000000000134       0x30 c:/intelfpga_lite/16.1/nios2eds/bin/gnu/h-x86_64-mingw32/bin/../lib/gcc/nios2-elf/5.3.0/../../../../../H-x86_64-mingw32/nios2-elf/lib\libsmallc.a(lib_a-putchar.o)
 .debug_frame   0x0000000000000164       0x50 c:/intelfpga_lite/16.1/nios2eds/bin/gnu/h-x86_64-mingw32/bin/../lib/gcc/nios2-elf/5.3.0/../../../../../H-x86_64-mingw32/nios2-elf/lib\libsmallc.a(lib_a-putc.o)
 .debug_frame   0x00000000000001b4       0x58 c:/intelfpga_lite/16.1/nios2eds/bin/gnu/h-x86_64-mingw32/bin/../lib/gcc/nios2-elf/5.3.0/../../../../../H-x86_64-mingw32/nios2-elf/lib\libsmallc.a(lib_a-fvwrite_small_dev.o)
 .debug_frame   0x000000000000020c       0x38 c:/intelfpga_lite/16.1/nios2eds/bin/gnu/h-x86_64-mingw32/bin/../lib/gcc/nios2-elf/5.3.0/../../../../../H-x86_64-mingw32/nios2-elf/lib\libsmallc.a(lib_a-writer.o)
 .debug_frame   0x0000000000000244       0x20 ../H_Camacho_Exam2_bsp/\libhal_bsp.a(alt_irq_register.o)
 .debug_frame   0x0000000000000264       0x30 ../H_Camacho_Exam2_bsp/\libhal_bsp.a(alt_load.o)
 .debug_frame   0x0000000000000294       0x2c ../H_Camacho_Exam2_bsp/\libhal_bsp.a(alt_main.o)
 .debug_frame   0x00000000000002c0       0x30 ../H_Camacho_Exam2_bsp/\libhal_bsp.a(alt_putstr.o)
 .debug_frame   0x00000000000002f0       0x2c ../H_Camacho_Exam2_bsp/\libhal_bsp.a(alt_write.o)
 .debug_frame   0x000000000000031c       0x3c ../H_Camacho_Exam2_bsp/\libhal_bsp.a(alt_sys_init.o)
 .debug_frame   0x0000000000000358       0x20 ../H_Camacho_Exam2_bsp/\libhal_bsp.a(altera_avalon_jtag_uart_write.o)
 .debug_frame   0x0000000000000378       0x20 ../H_Camacho_Exam2_bsp/\libhal_bsp.a(alt_dcache_flush_all.o)
 .debug_frame   0x0000000000000398       0x20 ../H_Camacho_Exam2_bsp/\libhal_bsp.a(alt_icache_flush_all.o)
 .debug_frame   0x00000000000003b8       0x34 ../H_Camacho_Exam2_bsp/\libhal_bsp.a(alt_irq_handler.o)
 .debug_frame   0x00000000000003ec       0x20 ../H_Camacho_Exam2_bsp/\libhal_bsp.a(altera_nios2_gen2_irq.o)
 .debug_frame   0x000000000000040c       0x20 ../H_Camacho_Exam2_bsp/\libhal_bsp.a(alt_icache_flush.o)
 .debug_frame   0x000000000000042c       0x30 ../H_Camacho_Exam2_bsp/\libhal_bsp.a(alt_instruction_exception_entry.o)
 .debug_frame   0x000000000000045c       0x20 c:/intelfpga_lite/16.1/nios2eds/bin/gnu/h-x86_64-mingw32/bin/../lib/gcc/nios2-elf/5.3.0/../../../../../H-x86_64-mingw32/nios2-elf/lib\libsmallc.a(lib_a-strlen.o)

.debug_str      0x0000000000000000     0x12cf
 *(.debug_str)
 .debug_str     0x0000000000000000      0x25e obj/default/hello_world_small.o
                                        0x2ac (size before relaxing)
 .debug_str     0x000000000000025e      0x12d c:/intelfpga_lite/16.1/nios2eds/bin/gnu/h-x86_64-mingw32/bin/../lib/gcc/nios2-elf/5.3.0/../../../../../H-x86_64-mingw32/nios2-elf/lib\libsmallc.a(lib_a-memcpy.o)
                                        0x1d9 (size before relaxing)
 .debug_str     0x000000000000038b      0x378 c:/intelfpga_lite/16.1/nios2eds/bin/gnu/h-x86_64-mingw32/bin/../lib/gcc/nios2-elf/5.3.0/../../../../../H-x86_64-mingw32/nios2-elf/lib\libsmallc.a(lib_a-putchar.o)
                                        0x4a7 (size before relaxing)
 .debug_str     0x0000000000000703       0xe1 c:/intelfpga_lite/16.1/nios2eds/bin/gnu/h-x86_64-mingw32/bin/../lib/gcc/nios2-elf/5.3.0/../../../../../H-x86_64-mingw32/nios2-elf/lib\libsmallc.a(lib_a-impure.o)
                                        0x4a4 (size before relaxing)
 .debug_str     0x00000000000007e4       0x58 c:/intelfpga_lite/16.1/nios2eds/bin/gnu/h-x86_64-mingw32/bin/../lib/gcc/nios2-elf/5.3.0/../../../../../H-x86_64-mingw32/nios2-elf/lib\libsmallc.a(lib_a-putc.o)
                                        0x4b1 (size before relaxing)
 .debug_str     0x000000000000083c       0x60 c:/intelfpga_lite/16.1/nios2eds/bin/gnu/h-x86_64-mingw32/bin/../lib/gcc/nios2-elf/5.3.0/../../../../../H-x86_64-mingw32/nios2-elf/lib\libsmallc.a(lib_a-fvwrite_small_dev.o)
                                        0x4ba (size before relaxing)
 .debug_str     0x000000000000089c       0x42 c:/intelfpga_lite/16.1/nios2eds/bin/gnu/h-x86_64-mingw32/bin/../lib/gcc/nios2-elf/5.3.0/../../../../../H-x86_64-mingw32/nios2-elf/lib\libsmallc.a(lib_a-writer.o)
                                        0x49e (size before relaxing)
 .debug_str     0x00000000000008de       0x3c c:/intelfpga_lite/16.1/nios2eds/bin/gnu/h-x86_64-mingw32/bin/../lib/gcc/nios2-elf/5.3.0/../../../../../H-x86_64-mingw32/nios2-elf/lib\libsmallc.a(lib_a-int_errno.o)
                                        0x1be (size before relaxing)
 .debug_str     0x000000000000091a       0xed ../H_Camacho_Exam2_bsp/\libhal_bsp.a(alt_irq_register.o)
                                        0x201 (size before relaxing)
 .debug_str     0x0000000000000a07       0x17 ../H_Camacho_Exam2_bsp/\libhal_bsp.a(alt_irq_vars.o)
                                        0x133 (size before relaxing)
 .debug_str     0x0000000000000a1e      0x113 ../H_Camacho_Exam2_bsp/\libhal_bsp.a(alt_load.o)
                                        0x235 (size before relaxing)
 .debug_str     0x0000000000000b31       0x8a ../H_Camacho_Exam2_bsp/\libhal_bsp.a(alt_main.o)
                                        0x1ae (size before relaxing)
 .debug_str     0x0000000000000bbb       0x66 ../H_Camacho_Exam2_bsp/\libhal_bsp.a(alt_putstr.o)
                                        0x18b (size before relaxing)
 .debug_str     0x0000000000000c21       0x2c ../H_Camacho_Exam2_bsp/\libhal_bsp.a(alt_write.o)
                                        0x1d9 (size before relaxing)
 .debug_str     0x0000000000000c4d       0xb9 ../H_Camacho_Exam2_bsp/\libhal_bsp.a(alt_sys_init.o)
                                        0x257 (size before relaxing)
 .debug_str     0x0000000000000d06       0x2c ../H_Camacho_Exam2_bsp/\libhal_bsp.a(altera_avalon_jtag_uart_write.o)
                                        0x20e (size before relaxing)
 .debug_str     0x0000000000000d32       0x1f ../H_Camacho_Exam2_bsp/\libhal_bsp.a(alt_dcache_flush_all.o)
                                        0x14e (size before relaxing)
 .debug_str     0x0000000000000d51       0x14 ../H_Camacho_Exam2_bsp/\libhal_bsp.a(alt_errno.o)
                                        0x13e (size before relaxing)
 .debug_str     0x0000000000000d65       0x30 ../H_Camacho_Exam2_bsp/\libhal_bsp.a(alt_icache_flush_all.o)
                                        0x15f (size before relaxing)
 .debug_str     0x0000000000000d95       0x3a ../H_Camacho_Exam2_bsp/\libhal_bsp.a(alt_irq_handler.o)
                                        0x190 (size before relaxing)
 .debug_str     0x0000000000000dcf       0x20 ../H_Camacho_Exam2_bsp/\libhal_bsp.a(altera_nios2_gen2_irq.o)
                                        0x155 (size before relaxing)
 .debug_str     0x0000000000000def       0x1b ../H_Camacho_Exam2_bsp/\libhal_bsp.a(alt_icache_flush.o)
                                        0x154 (size before relaxing)
 .debug_str     0x0000000000000e0a      0x48b ../H_Camacho_Exam2_bsp/\libhal_bsp.a(alt_instruction_exception_entry.o)
                                        0x599 (size before relaxing)
 .debug_str     0x0000000000001295       0x3a c:/intelfpga_lite/16.1/nios2eds/bin/gnu/h-x86_64-mingw32/bin/../lib/gcc/nios2-elf/5.3.0/../../../../../H-x86_64-mingw32/nios2-elf/lib\libsmallc.a(lib_a-strlen.o)
                                        0x1cb (size before relaxing)

.debug_loc      0x0000000000000000      0xb11
 *(.debug_loc)
 .debug_loc     0x0000000000000000      0x284 obj/default/hello_world_small.o
 .debug_loc     0x0000000000000284      0x135 c:/intelfpga_lite/16.1/nios2eds/bin/gnu/h-x86_64-mingw32/bin/../lib/gcc/nios2-elf/5.3.0/../../../../../H-x86_64-mingw32/nios2-elf/lib\libsmallc.a(lib_a-memcpy.o)
 .debug_loc     0x00000000000003b9       0x81 c:/intelfpga_lite/16.1/nios2eds/bin/gnu/h-x86_64-mingw32/bin/../lib/gcc/nios2-elf/5.3.0/../../../../../H-x86_64-mingw32/nios2-elf/lib\libsmallc.a(lib_a-putchar.o)
 .debug_loc     0x000000000000043a       0xc6 c:/intelfpga_lite/16.1/nios2eds/bin/gnu/h-x86_64-mingw32/bin/../lib/gcc/nios2-elf/5.3.0/../../../../../H-x86_64-mingw32/nios2-elf/lib\libsmallc.a(lib_a-putc.o)
 .debug_loc     0x0000000000000500      0x110 c:/intelfpga_lite/16.1/nios2eds/bin/gnu/h-x86_64-mingw32/bin/../lib/gcc/nios2-elf/5.3.0/../../../../../H-x86_64-mingw32/nios2-elf/lib\libsmallc.a(lib_a-fvwrite_small_dev.o)
 .debug_loc     0x0000000000000610       0xa5 c:/intelfpga_lite/16.1/nios2eds/bin/gnu/h-x86_64-mingw32/bin/../lib/gcc/nios2-elf/5.3.0/../../../../../H-x86_64-mingw32/nios2-elf/lib\libsmallc.a(lib_a-writer.o)
 .debug_loc     0x00000000000006b5       0xfa ../H_Camacho_Exam2_bsp/\libhal_bsp.a(alt_irq_register.o)
 .debug_loc     0x00000000000007af       0x37 ../H_Camacho_Exam2_bsp/\libhal_bsp.a(alt_putstr.o)
 .debug_loc     0x00000000000007e6       0xcf ../H_Camacho_Exam2_bsp/\libhal_bsp.a(alt_write.o)
 .debug_loc     0x00000000000008b5       0x21 ../H_Camacho_Exam2_bsp/\libhal_bsp.a(alt_sys_init.o)
 .debug_loc     0x00000000000008d6       0x8b ../H_Camacho_Exam2_bsp/\libhal_bsp.a(altera_avalon_jtag_uart_write.o)
 .debug_loc     0x0000000000000961       0x1f ../H_Camacho_Exam2_bsp/\libhal_bsp.a(alt_dcache_flush_all.o)
 .debug_loc     0x0000000000000980       0x72 ../H_Camacho_Exam2_bsp/\libhal_bsp.a(alt_irq_handler.o)
 .debug_loc     0x00000000000009f2       0x52 ../H_Camacho_Exam2_bsp/\libhal_bsp.a(alt_icache_flush.o)
 .debug_loc     0x0000000000000a44       0xaf ../H_Camacho_Exam2_bsp/\libhal_bsp.a(alt_instruction_exception_entry.o)
 .debug_loc     0x0000000000000af3       0x1e c:/intelfpga_lite/16.1/nios2eds/bin/gnu/h-x86_64-mingw32/bin/../lib/gcc/nios2-elf/5.3.0/../../../../../H-x86_64-mingw32/nios2-elf/lib\libsmallc.a(lib_a-strlen.o)

.debug_macinfo
 *(.debug_macinfo)

.debug_weaknames
 *(.debug_weaknames)

.debug_funcnames
 *(.debug_funcnames)

.debug_typenames
 *(.debug_typenames)

.debug_varnames
 *(.debug_varnames)

.debug_alt_sim_info
                0x0000000000000000       0x30
 *(.debug_alt_sim_info)
 .debug_alt_sim_info
                0x0000000000000000       0x30 ../H_Camacho_Exam2_bsp//obj/HAL/src/crt0.o
                0x000000000ffffc00                __alt_data_end = 0xffffc00
                0x000000000ffffc00                PROVIDE (__alt_stack_pointer, __alt_data_end)
                [!provide]                        PROVIDE (__alt_stack_limit, __alt_stack_base)
                [!provide]                        PROVIDE (__alt_interrupt_stack_pointer, 0x10000000)
                [!provide]                        PROVIDE (__alt_interrupt_stack_limit, 0xffffc00)
                [!provide]                        PROVIDE (__alt_heap_start, end)
                [!provide]                        PROVIDE (__alt_heap_limit, 0xffffc00)
OUTPUT(H_Camacho_Exam2.elf elf32-littlenios2)

.debug_ranges   0x0000000000000000      0x1e8
 .debug_ranges  0x0000000000000000       0x20 ../H_Camacho_Exam2_bsp//obj/HAL/src/crt0.o
 .debug_ranges  0x0000000000000020       0x48 obj/default/hello_world_small.o
 .debug_ranges  0x0000000000000068       0x10 c:/intelfpga_lite/16.1/nios2eds/bin/gnu/h-x86_64-mingw32/bin/../lib/gcc/nios2-elf/5.3.0/../../../../../H-x86_64-mingw32/nios2-elf/lib\libsmallc.a(lib_a-memcpy.o)
 .debug_ranges  0x0000000000000078       0x18 c:/intelfpga_lite/16.1/nios2eds/bin/gnu/h-x86_64-mingw32/bin/../lib/gcc/nios2-elf/5.3.0/../../../../../H-x86_64-mingw32/nios2-elf/lib\libsmallc.a(lib_a-putchar.o)
 .debug_ranges  0x0000000000000090       0x18 c:/intelfpga_lite/16.1/nios2eds/bin/gnu/h-x86_64-mingw32/bin/../lib/gcc/nios2-elf/5.3.0/../../../../../H-x86_64-mingw32/nios2-elf/lib\libsmallc.a(lib_a-putc.o)
 .debug_ranges  0x00000000000000a8       0x28 c:/intelfpga_lite/16.1/nios2eds/bin/gnu/h-x86_64-mingw32/bin/../lib/gcc/nios2-elf/5.3.0/../../../../../H-x86_64-mingw32/nios2-elf/lib\libsmallc.a(lib_a-fvwrite_small_dev.o)
 .debug_ranges  0x00000000000000d0       0x10 c:/intelfpga_lite/16.1/nios2eds/bin/gnu/h-x86_64-mingw32/bin/../lib/gcc/nios2-elf/5.3.0/../../../../../H-x86_64-mingw32/nios2-elf/lib\libsmallc.a(lib_a-writer.o)
 .debug_ranges  0x00000000000000e0       0x48 ../H_Camacho_Exam2_bsp/\libhal_bsp.a(alt_load.o)
 .debug_ranges  0x0000000000000128       0x20 ../H_Camacho_Exam2_bsp/\libhal_bsp.a(alt_write.o)
 .debug_ranges  0x0000000000000148       0x28 ../H_Camacho_Exam2_bsp/\libhal_bsp.a(alt_irq_entry.o)
 .debug_ranges  0x0000000000000170       0x10 ../H_Camacho_Exam2_bsp/\libhal_bsp.a(alt_irq_handler.o)
 .debug_ranges  0x0000000000000180       0x30 ../H_Camacho_Exam2_bsp/\libhal_bsp.a(alt_exception_entry.o)
 .debug_ranges  0x00000000000001b0       0x10 ../H_Camacho_Exam2_bsp/\libhal_bsp.a(alt_icache_flush.o)
 .debug_ranges  0x00000000000001c0       0x18 ../H_Camacho_Exam2_bsp/\libhal_bsp.a(alt_instruction_exception_entry.o)
 .debug_ranges  0x00000000000001d8       0x10 c:/intelfpga_lite/16.1/nios2eds/bin/gnu/h-x86_64-mingw32/bin/../lib/gcc/nios2-elf/5.3.0/../../../../../H-x86_64-mingw32/nios2-elf/lib\libsmallc.a(lib_a-strlen.o)
