Archive member included to satisfy reference by file (symbol)

c:/intelfpga_lite/16.1/nios2eds/bin/gnu/h-x86_64-mingw32/bin/../lib/gcc/nios2-elf/5.3.0/../../../../../H-x86_64-mingw32/nios2-elf/lib\libsmallc.a(lib_a-memcpy.o)
                              obj/default/hello_world_small.o (memcpy)
../PasswordCheckerV2_bsp/\libhal_bsp.a(alt_load.o)
                              ../PasswordCheckerV2_bsp//obj/HAL/src/crt0.o (alt_load)
../PasswordCheckerV2_bsp/\libhal_bsp.a(alt_main.o)
                              ../PasswordCheckerV2_bsp//obj/HAL/src/crt0.o (alt_main)
../PasswordCheckerV2_bsp/\libhal_bsp.a(alt_printf.o)
                              obj/default/hello_world_small.o (alt_printf)
../PasswordCheckerV2_bsp/\libhal_bsp.a(alt_putchar.o)
                              ../PasswordCheckerV2_bsp/\libhal_bsp.a(alt_printf.o) (alt_putchar)
../PasswordCheckerV2_bsp/\libhal_bsp.a(alt_sys_init.o)
                              ../PasswordCheckerV2_bsp/\libhal_bsp.a(alt_main.o) (alt_irq_init)
../PasswordCheckerV2_bsp/\libhal_bsp.a(altera_avalon_jtag_uart_write.o)
                              ../PasswordCheckerV2_bsp/\libhal_bsp.a(alt_putchar.o) (altera_avalon_jtag_uart_write)
../PasswordCheckerV2_bsp/\libhal_bsp.a(altera_up_avalon_character_lcd.o)
                              obj/default/hello_world_small.o (alt_up_character_lcd_init)
../PasswordCheckerV2_bsp/\libhal_bsp.a(alt_dcache_flush_all.o)
                              ../PasswordCheckerV2_bsp/\libhal_bsp.a(alt_load.o) (alt_dcache_flush_all)
../PasswordCheckerV2_bsp/\libhal_bsp.a(alt_dev.o)
                              ../PasswordCheckerV2_bsp/\libhal_bsp.a(alt_sys_init.o) (alt_dev_list)
../PasswordCheckerV2_bsp/\libhal_bsp.a(alt_dev_llist_insert.o)
                              ../PasswordCheckerV2_bsp/\libhal_bsp.a(alt_sys_init.o) (alt_dev_llist_insert)
../PasswordCheckerV2_bsp/\libhal_bsp.a(alt_errno.o)
                              ../PasswordCheckerV2_bsp/\libhal_bsp.a(alt_dev_llist_insert.o) (alt_errno)
../PasswordCheckerV2_bsp/\libhal_bsp.a(alt_find_dev.o)
                              ../PasswordCheckerV2_bsp/\libhal_bsp.a(altera_up_avalon_character_lcd.o) (alt_find_dev)
../PasswordCheckerV2_bsp/\libhal_bsp.a(alt_icache_flush_all.o)
                              ../PasswordCheckerV2_bsp/\libhal_bsp.a(alt_load.o) (alt_icache_flush_all)
../PasswordCheckerV2_bsp/\libhal_bsp.a(altera_nios2_gen2_irq.o)
                              ../PasswordCheckerV2_bsp/\libhal_bsp.a(alt_sys_init.o) (altera_nios2_gen2_irq_init)
../PasswordCheckerV2_bsp/\libhal_bsp.a(alt_icache_flush.o)
                              ../PasswordCheckerV2_bsp/\libhal_bsp.a(alt_icache_flush_all.o) (alt_icache_flush)
c:/intelfpga_lite/16.1/nios2eds/bin/gnu/h-x86_64-mingw32/bin/../lib/gcc/nios2-elf/5.3.0/../../../../../H-x86_64-mingw32/nios2-elf/lib\libsmallc.a(lib_a-int_errno.o)
                              ../PasswordCheckerV2_bsp/\libhal_bsp.a(alt_dev_llist_insert.o) (errno)
c:/intelfpga_lite/16.1/nios2eds/bin/gnu/h-x86_64-mingw32/bin/../lib/gcc/nios2-elf/5.3.0/../../../../../H-x86_64-mingw32/nios2-elf/lib\libsmallc.a(lib_a-memcmp.o)
                              ../PasswordCheckerV2_bsp/\libhal_bsp.a(alt_find_dev.o) (memcmp)
c:/intelfpga_lite/16.1/nios2eds/bin/gnu/h-x86_64-mingw32/bin/../lib/gcc/nios2-elf/5.3.0/../../../../../H-x86_64-mingw32/nios2-elf/lib\libsmallc.a(lib_a-strlen.o)
                              ../PasswordCheckerV2_bsp/\libhal_bsp.a(alt_find_dev.o) (strlen)

Allocating common symbols
Common symbol       size              file

errno               0x4               c:/intelfpga_lite/16.1/nios2eds/bin/gnu/h-x86_64-mingw32/bin/../lib/gcc/nios2-elf/5.3.0/../../../../../H-x86_64-mingw32/nios2-elf/lib\libsmallc.a(lib_a-int_errno.o)
buffer              0x10              obj/default/hello_world_small.o
bufferIndex         0x4               obj/default/hello_world_small.o

Memory Configuration

Name             Origin             Length             Attributes
TCM              0x0000000000000000 0x0000000000000800
reset            0x0000000008000000 0x0000000000000020
SDRAM            0x0000000008000020 0x0000000007fffbe0
interrupt_stack  0x000000000ffffc00 0x0000000000000400
*default*        0x0000000000000000 0xffffffffffffffff

Linker script and memory map

LOAD ../PasswordCheckerV2_bsp//obj/HAL/src/crt0.o
LOAD obj/default/hello_world_small.o
LOAD c:/intelfpga_lite/16.1/nios2eds/bin/gnu/h-x86_64-mingw32/bin/../lib/gcc/nios2-elf/5.3.0/../../../../../H-x86_64-mingw32/nios2-elf/lib\libstdc++.a
LOAD c:/intelfpga_lite/16.1/nios2eds/bin/gnu/h-x86_64-mingw32/bin/../lib/gcc/nios2-elf/5.3.0/../../../../../H-x86_64-mingw32/nios2-elf/lib\libm.a
LOAD c:/intelfpga_lite/16.1/nios2eds/bin/gnu/h-x86_64-mingw32/bin/../lib/gcc/nios2-elf/5.3.0\libgcc.a
START GROUP
LOAD c:/intelfpga_lite/16.1/nios2eds/bin/gnu/h-x86_64-mingw32/bin/../lib/gcc/nios2-elf/5.3.0/../../../../../H-x86_64-mingw32/nios2-elf/lib\libsmallc.a
LOAD c:/intelfpga_lite/16.1/nios2eds/bin/gnu/h-x86_64-mingw32/bin/../lib/gcc/nios2-elf/5.3.0\libgcc.a
LOAD ../PasswordCheckerV2_bsp/\libhal_bsp.a
LOAD c:/intelfpga_lite/16.1/nios2eds/bin/gnu/h-x86_64-mingw32/bin/../lib/gcc/nios2-elf/5.3.0/../../../../../H-x86_64-mingw32/nios2-elf/lib\libm.a
END GROUP
LOAD c:/intelfpga_lite/16.1/nios2eds/bin/gnu/h-x86_64-mingw32/bin/../lib/gcc/nios2-elf/5.3.0\libgcc.a
                0x0000000000000000                __alt_mem_TCM = 0x0
                0x0000000008000000                __alt_mem_SDRAM = 0x8000000

.entry          0x0000000008000000       0x20
 *(.entry)
 .entry         0x0000000008000000       0x20 ../PasswordCheckerV2_bsp//obj/HAL/src/crt0.o
                0x0000000008000000                __reset
                0x000000000800001c                _exit

.exceptions     0x0000000008000020        0x0
                0x0000000008000020                PROVIDE (__ram_exceptions_start, ABSOLUTE (.))
                0x0000000008000020                . = ALIGN (0x20)
 *(.irq)
 *(.exceptions.entry.label)
 *(.exceptions.entry.user)
 *(.exceptions.entry.ecc_fatal)
 *(.exceptions.entry)
 *(.exceptions.irqtest.user)
 *(.exceptions.irqtest)
 *(.exceptions.irqhandler.user)
 *(.exceptions.irqhandler)
 *(.exceptions.irqreturn.user)
 *(.exceptions.irqreturn)
 *(.exceptions.notirq.label)
 *(.exceptions.notirq.user)
 *(.exceptions.notirq)
 *(.exceptions.soft.user)
 *(.exceptions.soft)
 *(.exceptions.unknown.user)
 *(.exceptions.unknown)
 *(.exceptions.exit.label)
 *(.exceptions.exit.user)
 *(.exceptions.exit)
 *(.exceptions)
                0x0000000008000020                PROVIDE (__ram_exceptions_end, ABSOLUTE (.))
                0x0000000008000020                PROVIDE (__flash_exceptions_start, LOADADDR (.exceptions))

.text           0x0000000008000020      0x8d8
                [!provide]                        PROVIDE (stext, ABSOLUTE (.))
 *(.interp)
 *(.hash)
 *(.dynsym)
 *(.dynstr)
 *(.gnu.version)
 *(.gnu.version_d)
 *(.gnu.version_r)
 *(.rel.init)
 *(.rela.init)
 *(.rel.text .rel.text.* .rel.gnu.linkonce.t.*)
 *(.rela.text .rela.text.* .rela.gnu.linkonce.t.*)
 *(.rel.fini)
 *(.rela.fini)
 *(.rel.rodata .rel.rodata.* .rel.gnu.linkonce.r.*)
 *(.rela.rodata .rela.rodata.* .rela.gnu.linkonce.r.*)
 *(.rel.data .rel.data.* .rel.gnu.linkonce.d.*)
 *(.rela.data .rela.data.* .rela.gnu.linkonce.d.*)
 *(.rel.tdata .rel.tdata.* .rel.gnu.linkonce.td.*)
 *(.rela.tdata .rela.tdata.* .rela.gnu.linkonce.td.*)
 *(.rel.tbss .rel.tbss.* .rel.gnu.linkonce.tb.*)
 *(.rela.tbss .rela.tbss.* .rela.gnu.linkonce.tb.*)
 *(.rel.ctors)
 *(.rela.ctors)
 *(.rel.dtors)
 *(.rela.dtors)
 *(.rel.got)
 *(.rela.got)
 *(.rel.sdata .rel.sdata.* .rel.gnu.linkonce.s.*)
 *(.rela.sdata .rela.sdata.* .rela.gnu.linkonce.s.*)
 *(.rel.sbss .rel.sbss.* .rel.gnu.linkonce.sb.*)
 *(.rela.sbss .rela.sbss.* .rela.gnu.linkonce.sb.*)
 *(.rel.sdata2 .rel.sdata2.* .rel.gnu.linkonce.s2.*)
 *(.rela.sdata2 .rela.sdata2.* .rela.gnu.linkonce.s2.*)
 *(.rel.sbss2 .rel.sbss2.* .rel.gnu.linkonce.sb2.*)
 *(.rela.sbss2 .rela.sbss2.* .rela.gnu.linkonce.sb2.*)
 *(.rel.bss .rel.bss.* .rel.gnu.linkonce.b.*)
 *(.rela.bss .rela.bss.* .rela.gnu.linkonce.b.*)
 *(.rel.plt)
 *(.rela.plt)
 *(.rel.dyn)
 *(.init)
 *(.plt)
 *(.text .stub .text.* .gnu.linkonce.t.*)
 .text          0x0000000008000020       0x4c ../PasswordCheckerV2_bsp//obj/HAL/src/crt0.o
                0x0000000008000020                _start
 .text          0x000000000800006c       0xb8 obj/default/hello_world_small.o
                0x000000000800006c                keyInput
                0x0000000008000070                timerSetup
                0x00000000080000b0                startDelay
                0x00000000080000dc                initHexDisplays
 .text.startup  0x0000000008000124      0x100 obj/default/hello_world_small.o
                0x0000000008000124                main
 .text          0x0000000008000224        0x0 c:/intelfpga_lite/16.1/nios2eds/bin/gnu/h-x86_64-mingw32/bin/../lib/gcc/nios2-elf/5.3.0/../../../../../H-x86_64-mingw32/nios2-elf/lib\libsmallc.a(lib_a-memcpy.o)
 .text.memcpy   0x0000000008000224       0x28 c:/intelfpga_lite/16.1/nios2eds/bin/gnu/h-x86_64-mingw32/bin/../lib/gcc/nios2-elf/5.3.0/../../../../../H-x86_64-mingw32/nios2-elf/lib\libsmallc.a(lib_a-memcpy.o)
                0x0000000008000224                memcpy
 .text          0x000000000800024c       0xe0 ../PasswordCheckerV2_bsp/\libhal_bsp.a(alt_load.o)
                0x000000000800024c                alt_load
 .text          0x000000000800032c       0x2c ../PasswordCheckerV2_bsp/\libhal_bsp.a(alt_main.o)
                0x000000000800032c                alt_main
 .text          0x0000000008000358      0x170 ../PasswordCheckerV2_bsp/\libhal_bsp.a(alt_printf.o)
                0x0000000008000358                alt_printf
 .text          0x00000000080004c8       0x48 ../PasswordCheckerV2_bsp/\libhal_bsp.a(alt_putchar.o)
                0x00000000080004c8                alt_putchar
 .text          0x0000000008000510       0x70 ../PasswordCheckerV2_bsp/\libhal_bsp.a(alt_sys_init.o)
                0x0000000008000510                alt_irq_init
                0x0000000008000530                alt_sys_init
 .text          0x0000000008000580       0x34 ../PasswordCheckerV2_bsp/\libhal_bsp.a(altera_avalon_jtag_uart_write.o)
                0x0000000008000580                altera_avalon_jtag_uart_write
 .text          0x00000000080005b4      0x1ac ../PasswordCheckerV2_bsp/\libhal_bsp.a(altera_up_avalon_character_lcd.o)
                0x00000000080005b4                get_DDRAM_addr
                0x00000000080005c8                alt_up_character_lcd_send_cmd
                0x00000000080005d4                alt_up_character_lcd_init
                0x00000000080005e4                alt_up_character_lcd_open_dev
                0x00000000080005ec                alt_up_character_lcd_write
                0x000000000800060c                alt_up_character_lcd_string
                0x0000000008000634                alt_up_character_lcd_write_fd
                0x0000000008000654                alt_up_character_lcd_set_cursor_pos
                0x000000000800068c                alt_up_character_lcd_shift_cursor
                0x00000000080006c4                alt_up_character_lcd_shift_display
                0x00000000080006fc                alt_up_character_lcd_erase_pos
                0x0000000008000740                alt_up_character_lcd_cursor_off
                0x0000000008000750                alt_up_character_lcd_cursor_blink_on
 .text          0x0000000008000760       0x18 ../PasswordCheckerV2_bsp/\libhal_bsp.a(alt_dcache_flush_all.o)
                0x0000000008000760                alt_dcache_flush_all
 .text          0x0000000008000778        0x8 ../PasswordCheckerV2_bsp/\libhal_bsp.a(alt_dev.o)
 .text          0x0000000008000780       0x6c ../PasswordCheckerV2_bsp/\libhal_bsp.a(alt_dev_llist_insert.o)
                0x0000000008000780                alt_dev_llist_insert
 .text          0x00000000080007ec        0x0 ../PasswordCheckerV2_bsp/\libhal_bsp.a(alt_errno.o)
 .text          0x00000000080007ec       0x74 ../PasswordCheckerV2_bsp/\libhal_bsp.a(alt_find_dev.o)
                0x00000000080007ec                alt_find_dev
 .text          0x0000000008000860        0xc ../PasswordCheckerV2_bsp/\libhal_bsp.a(alt_icache_flush_all.o)
                0x0000000008000860                alt_icache_flush_all
 .text          0x000000000800086c        0x8 ../PasswordCheckerV2_bsp/\libhal_bsp.a(altera_nios2_gen2_irq.o)
                0x000000000800086c                altera_nios2_gen2_irq_init
 .text          0x0000000008000874       0x38 ../PasswordCheckerV2_bsp/\libhal_bsp.a(alt_icache_flush.o)
                0x0000000008000874                alt_icache_flush
 .text          0x00000000080008ac        0x0 c:/intelfpga_lite/16.1/nios2eds/bin/gnu/h-x86_64-mingw32/bin/../lib/gcc/nios2-elf/5.3.0/../../../../../H-x86_64-mingw32/nios2-elf/lib\libsmallc.a(lib_a-int_errno.o)
 .text          0x00000000080008ac        0x0 c:/intelfpga_lite/16.1/nios2eds/bin/gnu/h-x86_64-mingw32/bin/../lib/gcc/nios2-elf/5.3.0/../../../../../H-x86_64-mingw32/nios2-elf/lib\libsmallc.a(lib_a-memcmp.o)
 .text.memcmp   0x00000000080008ac       0x30 c:/intelfpga_lite/16.1/nios2eds/bin/gnu/h-x86_64-mingw32/bin/../lib/gcc/nios2-elf/5.3.0/../../../../../H-x86_64-mingw32/nios2-elf/lib\libsmallc.a(lib_a-memcmp.o)
                0x00000000080008ac                memcmp
 .text          0x00000000080008dc        0x0 c:/intelfpga_lite/16.1/nios2eds/bin/gnu/h-x86_64-mingw32/bin/../lib/gcc/nios2-elf/5.3.0/../../../../../H-x86_64-mingw32/nios2-elf/lib\libsmallc.a(lib_a-strlen.o)
 .text.strlen   0x00000000080008dc       0x1c c:/intelfpga_lite/16.1/nios2eds/bin/gnu/h-x86_64-mingw32/bin/../lib/gcc/nios2-elf/5.3.0/../../../../../H-x86_64-mingw32/nios2-elf/lib\libsmallc.a(lib_a-strlen.o)
                0x00000000080008dc                strlen
 *(.gnu.warning.*)
 *(.fini)
                [!provide]                        PROVIDE (__etext, ABSOLUTE (.))
                [!provide]                        PROVIDE (_etext, ABSOLUTE (.))
                [!provide]                        PROVIDE (etext, ABSOLUTE (.))
 *(.eh_frame_hdr)
                0x00000000080008f8                . = ALIGN (0x4)
                [!provide]                        PROVIDE (__preinit_array_start, ABSOLUTE (.))
 *(.preinit_array)
                [!provide]                        PROVIDE (__preinit_array_end, ABSOLUTE (.))
                [!provide]                        PROVIDE (__init_array_start, ABSOLUTE (.))
 *(.init_array)
                [!provide]                        PROVIDE (__init_array_end, ABSOLUTE (.))
                [!provide]                        PROVIDE (__fini_array_start, ABSOLUTE (.))
 *(.fini_array)
                [!provide]                        PROVIDE (__fini_array_end, ABSOLUTE (.))
 *(.eh_frame)
 *(.gcc_except_table .gcc_except_table.*)
 *(.dynamic)
                [!provide]                        PROVIDE (__CTOR_LIST__, ABSOLUTE (.))
 *(.ctors)
 *(SORT(.ctors.*))
                [!provide]                        PROVIDE (__CTOR_END__, ABSOLUTE (.))
                [!provide]                        PROVIDE (__DTOR_LIST__, ABSOLUTE (.))
 *(.dtors)
 *(SORT(.dtors.*))
                [!provide]                        PROVIDE (__DTOR_END__, ABSOLUTE (.))
 *(.jcr)
                0x00000000080008f8                . = ALIGN (0x4)

.rodata         0x00000000080008f8       0xb8
                0x00000000080008f8                PROVIDE (__ram_rodata_start, ABSOLUTE (.))
                0x00000000080008f8                . = ALIGN (0x4)
 *(.rodata .rodata.* .gnu.linkonce.r.*)
 .rodata.str1.4
                0x00000000080008f8       0x6f obj/default/hello_world_small.o
 *fill*         0x0000000008000967        0x1 
 .rodata        0x0000000008000968        0xf obj/default/hello_world_small.o
 *fill*         0x0000000008000977        0x1 
 .rodata.str1.4
                0x0000000008000978       0x2a ../PasswordCheckerV2_bsp/\libhal_bsp.a(alt_sys_init.o)
                                         0x41 (size before relaxing)
 *fill*         0x00000000080009a2        0x2 
 .rodata.str1.4
                0x00000000080009a4        0xc ../PasswordCheckerV2_bsp/\libhal_bsp.a(alt_dev.o)
                                          0xa (size before relaxing)
 *(.rodata1)
                0x00000000080009b0                . = ALIGN (0x4)
                0x00000000080009b0                PROVIDE (__ram_rodata_end, ABSOLUTE (.))
                0x00000000080008f8                PROVIDE (__flash_rodata_start, LOADADDR (.rodata))

.rwdata         0x00000000080009b0       0xcc load address 0x0000000008000a7c
                0x00000000080009b0                PROVIDE (__ram_rwdata_start, ABSOLUTE (.))
                0x00000000080009b0                . = ALIGN (0x4)
 *(.got.plt)
 *(.got)
 *(.data1)
 *(.data .data.* .gnu.linkonce.d.*)
 .data          0x00000000080009b0        0x0 ../PasswordCheckerV2_bsp//obj/HAL/src/crt0.o
 .data          0x00000000080009b0        0x0 obj/default/hello_world_small.o
 .data          0x00000000080009b0        0x0 c:/intelfpga_lite/16.1/nios2eds/bin/gnu/h-x86_64-mingw32/bin/../lib/gcc/nios2-elf/5.3.0/../../../../../H-x86_64-mingw32/nios2-elf/lib\libsmallc.a(lib_a-memcpy.o)
 .data          0x00000000080009b0        0x0 ../PasswordCheckerV2_bsp/\libhal_bsp.a(alt_load.o)
 .data          0x00000000080009b0        0x0 ../PasswordCheckerV2_bsp/\libhal_bsp.a(alt_main.o)
 .data          0x00000000080009b0        0x0 ../PasswordCheckerV2_bsp/\libhal_bsp.a(alt_printf.o)
 .data          0x00000000080009b0        0x0 ../PasswordCheckerV2_bsp/\libhal_bsp.a(alt_putchar.o)
 .data          0x00000000080009b0       0x58 ../PasswordCheckerV2_bsp/\libhal_bsp.a(alt_sys_init.o)
 .data          0x0000000008000a08        0x0 ../PasswordCheckerV2_bsp/\libhal_bsp.a(altera_avalon_jtag_uart_write.o)
 .data          0x0000000008000a08        0x0 ../PasswordCheckerV2_bsp/\libhal_bsp.a(altera_up_avalon_character_lcd.o)
 .data          0x0000000008000a08        0x0 ../PasswordCheckerV2_bsp/\libhal_bsp.a(alt_dcache_flush_all.o)
 .data          0x0000000008000a08       0x58 ../PasswordCheckerV2_bsp/\libhal_bsp.a(alt_dev.o)
                0x0000000008000a08                alt_fd_list
                0x0000000008000a38                alt_dev_null
 .data          0x0000000008000a60        0x0 ../PasswordCheckerV2_bsp/\libhal_bsp.a(alt_dev_llist_insert.o)
 .data          0x0000000008000a60        0x0 ../PasswordCheckerV2_bsp/\libhal_bsp.a(alt_errno.o)
 .data          0x0000000008000a60        0x0 ../PasswordCheckerV2_bsp/\libhal_bsp.a(alt_find_dev.o)
 .data          0x0000000008000a60        0x0 ../PasswordCheckerV2_bsp/\libhal_bsp.a(alt_icache_flush_all.o)
 .data          0x0000000008000a60        0x0 ../PasswordCheckerV2_bsp/\libhal_bsp.a(altera_nios2_gen2_irq.o)
 .data          0x0000000008000a60        0x0 ../PasswordCheckerV2_bsp/\libhal_bsp.a(alt_icache_flush.o)
 .data          0x0000000008000a60        0x0 c:/intelfpga_lite/16.1/nios2eds/bin/gnu/h-x86_64-mingw32/bin/../lib/gcc/nios2-elf/5.3.0/../../../../../H-x86_64-mingw32/nios2-elf/lib\libsmallc.a(lib_a-int_errno.o)
 .data          0x0000000008000a60        0x0 c:/intelfpga_lite/16.1/nios2eds/bin/gnu/h-x86_64-mingw32/bin/../lib/gcc/nios2-elf/5.3.0/../../../../../H-x86_64-mingw32/nios2-elf/lib\libsmallc.a(lib_a-memcmp.o)
 .data          0x0000000008000a60        0x0 c:/intelfpga_lite/16.1/nios2eds/bin/gnu/h-x86_64-mingw32/bin/../lib/gcc/nios2-elf/5.3.0/../../../../../H-x86_64-mingw32/nios2-elf/lib\libsmallc.a(lib_a-strlen.o)
                0x0000000008008a60                _gp = ABSOLUTE ((. + 0x8000))
                [!provide]                        PROVIDE (gp, _gp)
 *(.rwdata .rwdata.*)
 *(.sdata .sdata.* .gnu.linkonce.s.*)
 .sdata         0x0000000008000a60        0x4 ../PasswordCheckerV2_bsp/\libhal_bsp.a(alt_sys_init.o)
                0x0000000008000a60                jtag_uart_0
 .sdata         0x0000000008000a64       0x14 ../PasswordCheckerV2_bsp/\libhal_bsp.a(alt_dev.o)
                0x0000000008000a64                alt_max_fd
                0x0000000008000a68                alt_dev_list
                0x0000000008000a70                alt_fs_list
 .sdata         0x0000000008000a78        0x4 ../PasswordCheckerV2_bsp/\libhal_bsp.a(alt_errno.o)
                0x0000000008000a78                alt_errno
 *(.sdata2 .sdata2.* .gnu.linkonce.s2.*)
                0x0000000008000a7c                . = ALIGN (0x4)
                0x0000000008000a7c                _edata = ABSOLUTE (.)
                [!provide]                        PROVIDE (edata, ABSOLUTE (.))
                0x0000000008000a7c                PROVIDE (__ram_rwdata_end, ABSOLUTE (.))
                0x0000000008000a7c                PROVIDE (__flash_rwdata_start, LOADADDR (.rwdata))

.bss            0x0000000008000b48       0x28
                0x0000000008000b48                __bss_start = ABSOLUTE (.)
                [!provide]                        PROVIDE (__sbss_start, ABSOLUTE (.))
                [!provide]                        PROVIDE (___sbss_start, ABSOLUTE (.))
 *(.dynsbss)
 *(.sbss .sbss.* .gnu.linkonce.sb.*)
 .sbss          0x0000000008000b48        0x1 obj/default/hello_world_small.o
                0x0000000008000b48                numChars
 *fill*         0x0000000008000b49        0x3 
 .sbss          0x0000000008000b4c        0x4 obj/default/hello_world_small.o
                0x0000000008000b4c                bufferIndex
 .sbss          0x0000000008000b50        0xc ../PasswordCheckerV2_bsp/\libhal_bsp.a(alt_main.o)
                0x0000000008000b50                alt_envp
                0x0000000008000b54                alt_argv
                0x0000000008000b58                alt_argc
 .sbss          0x0000000008000b5c        0x4 c:/intelfpga_lite/16.1/nios2eds/bin/gnu/h-x86_64-mingw32/bin/../lib/gcc/nios2-elf/5.3.0/../../../../../H-x86_64-mingw32/nios2-elf/lib\libsmallc.a(lib_a-int_errno.o)
                0x0000000008000b5c                errno
 *(.sbss2 .sbss2.* .gnu.linkonce.sb2.*)
 *(.scommon)
                [!provide]                        PROVIDE (__sbss_end, ABSOLUTE (.))
                [!provide]                        PROVIDE (___sbss_end, ABSOLUTE (.))
 *(.dynbss)
 *(.bss .bss.* .gnu.linkonce.b.*)
 .bss           0x0000000008000b60        0x0 ../PasswordCheckerV2_bsp//obj/HAL/src/crt0.o
 .bss           0x0000000008000b60        0x0 obj/default/hello_world_small.o
 .bss           0x0000000008000b60        0x0 c:/intelfpga_lite/16.1/nios2eds/bin/gnu/h-x86_64-mingw32/bin/../lib/gcc/nios2-elf/5.3.0/../../../../../H-x86_64-mingw32/nios2-elf/lib\libsmallc.a(lib_a-memcpy.o)
 .bss           0x0000000008000b60        0x0 ../PasswordCheckerV2_bsp/\libhal_bsp.a(alt_load.o)
 .bss           0x0000000008000b60        0x0 ../PasswordCheckerV2_bsp/\libhal_bsp.a(alt_main.o)
 .bss           0x0000000008000b60        0x0 ../PasswordCheckerV2_bsp/\libhal_bsp.a(alt_printf.o)
 .bss           0x0000000008000b60        0x0 ../PasswordCheckerV2_bsp/\libhal_bsp.a(alt_putchar.o)
 .bss           0x0000000008000b60        0x0 ../PasswordCheckerV2_bsp/\libhal_bsp.a(alt_sys_init.o)
 .bss           0x0000000008000b60        0x0 ../PasswordCheckerV2_bsp/\libhal_bsp.a(altera_avalon_jtag_uart_write.o)
 .bss           0x0000000008000b60        0x0 ../PasswordCheckerV2_bsp/\libhal_bsp.a(altera_up_avalon_character_lcd.o)
 .bss           0x0000000008000b60        0x0 ../PasswordCheckerV2_bsp/\libhal_bsp.a(alt_dcache_flush_all.o)
 .bss           0x0000000008000b60        0x0 ../PasswordCheckerV2_bsp/\libhal_bsp.a(alt_dev.o)
 .bss           0x0000000008000b60        0x0 ../PasswordCheckerV2_bsp/\libhal_bsp.a(alt_dev_llist_insert.o)
 .bss           0x0000000008000b60        0x0 ../PasswordCheckerV2_bsp/\libhal_bsp.a(alt_errno.o)
 .bss           0x0000000008000b60        0x0 ../PasswordCheckerV2_bsp/\libhal_bsp.a(alt_find_dev.o)
 .bss           0x0000000008000b60        0x0 ../PasswordCheckerV2_bsp/\libhal_bsp.a(alt_icache_flush_all.o)
 .bss           0x0000000008000b60        0x0 ../PasswordCheckerV2_bsp/\libhal_bsp.a(altera_nios2_gen2_irq.o)
 .bss           0x0000000008000b60        0x0 ../PasswordCheckerV2_bsp/\libhal_bsp.a(alt_icache_flush.o)
 .bss           0x0000000008000b60        0x0 c:/intelfpga_lite/16.1/nios2eds/bin/gnu/h-x86_64-mingw32/bin/../lib/gcc/nios2-elf/5.3.0/../../../../../H-x86_64-mingw32/nios2-elf/lib\libsmallc.a(lib_a-int_errno.o)
 .bss           0x0000000008000b60        0x0 c:/intelfpga_lite/16.1/nios2eds/bin/gnu/h-x86_64-mingw32/bin/../lib/gcc/nios2-elf/5.3.0/../../../../../H-x86_64-mingw32/nios2-elf/lib\libsmallc.a(lib_a-memcmp.o)
 .bss           0x0000000008000b60        0x0 c:/intelfpga_lite/16.1/nios2eds/bin/gnu/h-x86_64-mingw32/bin/../lib/gcc/nios2-elf/5.3.0/../../../../../H-x86_64-mingw32/nios2-elf/lib\libsmallc.a(lib_a-strlen.o)
 *(COMMON)
 COMMON         0x0000000008000b60       0x10 obj/default/hello_world_small.o
                0x0000000008000b60                buffer
                0x0000000008000b70                . = ALIGN (0x4)
                0x0000000008000b70                __bss_end = ABSOLUTE (.)

.TCM            0x0000000000000000        0x0 load address 0x0000000008000b70
                [!provide]                        PROVIDE (_alt_partition_TCM_start, ABSOLUTE (.))
 *(.TCM .TCM. TCM.*)
                0x0000000000000000                . = ALIGN (0x4)
                [!provide]                        PROVIDE (_alt_partition_TCM_end, ABSOLUTE (.))
                [!provide]                        PROVIDE (_alt_partition_TCM_load_addr, LOADADDR (.TCM))

.SDRAM          0x0000000008000b70        0x0
                [!provide]                        PROVIDE (_alt_partition_SDRAM_start, ABSOLUTE (.))
 *(.SDRAM .SDRAM. SDRAM.*)
                0x0000000008000b70                . = ALIGN (0x4)
                [!provide]                        PROVIDE (_alt_partition_SDRAM_end, ABSOLUTE (.))
                0x0000000008000b70                _end = ABSOLUTE (.)
                0x0000000008000b70                end = ABSOLUTE (.)
                0x0000000008000b70                __alt_stack_base = ABSOLUTE (.)
                [!provide]                        PROVIDE (_alt_partition_SDRAM_load_addr, LOADADDR (.SDRAM))

.stab
 *(.stab)

.stabstr
 *(.stabstr)

.stab.excl
 *(.stab.excl)

.stab.exclstr
 *(.stab.exclstr)

.stab.index
 *(.stab.index)

.stab.indexstr
 *(.stab.indexstr)

.comment        0x0000000000000000       0x23
 *(.comment)
 .comment       0x0000000000000000       0x23 obj/default/hello_world_small.o
                                         0x24 (size before relaxing)
 .comment       0x0000000000000023       0x24 c:/intelfpga_lite/16.1/nios2eds/bin/gnu/h-x86_64-mingw32/bin/../lib/gcc/nios2-elf/5.3.0/../../../../../H-x86_64-mingw32/nios2-elf/lib\libsmallc.a(lib_a-memcpy.o)
 .comment       0x0000000000000023       0x24 ../PasswordCheckerV2_bsp/\libhal_bsp.a(alt_load.o)
 .comment       0x0000000000000023       0x24 ../PasswordCheckerV2_bsp/\libhal_bsp.a(alt_main.o)
 .comment       0x0000000000000023       0x24 ../PasswordCheckerV2_bsp/\libhal_bsp.a(alt_printf.o)
 .comment       0x0000000000000023       0x24 ../PasswordCheckerV2_bsp/\libhal_bsp.a(alt_putchar.o)
 .comment       0x0000000000000023       0x24 ../PasswordCheckerV2_bsp/\libhal_bsp.a(alt_sys_init.o)
 .comment       0x0000000000000023       0x24 ../PasswordCheckerV2_bsp/\libhal_bsp.a(altera_avalon_jtag_uart_write.o)
 .comment       0x0000000000000023       0x24 ../PasswordCheckerV2_bsp/\libhal_bsp.a(altera_up_avalon_character_lcd.o)
 .comment       0x0000000000000023       0x24 ../PasswordCheckerV2_bsp/\libhal_bsp.a(alt_dcache_flush_all.o)
 .comment       0x0000000000000023       0x24 ../PasswordCheckerV2_bsp/\libhal_bsp.a(alt_dev.o)
 .comment       0x0000000000000023       0x24 ../PasswordCheckerV2_bsp/\libhal_bsp.a(alt_dev_llist_insert.o)
 .comment       0x0000000000000023       0x24 ../PasswordCheckerV2_bsp/\libhal_bsp.a(alt_errno.o)
 .comment       0x0000000000000023       0x24 ../PasswordCheckerV2_bsp/\libhal_bsp.a(alt_find_dev.o)
 .comment       0x0000000000000023       0x24 ../PasswordCheckerV2_bsp/\libhal_bsp.a(alt_icache_flush_all.o)
 .comment       0x0000000000000023       0x24 ../PasswordCheckerV2_bsp/\libhal_bsp.a(altera_nios2_gen2_irq.o)
 .comment       0x0000000000000023       0x24 ../PasswordCheckerV2_bsp/\libhal_bsp.a(alt_icache_flush.o)
 .comment       0x0000000000000023       0x24 c:/intelfpga_lite/16.1/nios2eds/bin/gnu/h-x86_64-mingw32/bin/../lib/gcc/nios2-elf/5.3.0/../../../../../H-x86_64-mingw32/nios2-elf/lib\libsmallc.a(lib_a-int_errno.o)
 .comment       0x0000000000000023       0x24 c:/intelfpga_lite/16.1/nios2eds/bin/gnu/h-x86_64-mingw32/bin/../lib/gcc/nios2-elf/5.3.0/../../../../../H-x86_64-mingw32/nios2-elf/lib\libsmallc.a(lib_a-memcmp.o)
 .comment       0x0000000000000023       0x24 c:/intelfpga_lite/16.1/nios2eds/bin/gnu/h-x86_64-mingw32/bin/../lib/gcc/nios2-elf/5.3.0/../../../../../H-x86_64-mingw32/nios2-elf/lib\libsmallc.a(lib_a-strlen.o)

.debug
 *(.debug)

.line
 *(.line)

.debug_srcinfo
 *(.debug_srcinfo)

.debug_sfnames
 *(.debug_sfnames)

.debug_aranges  0x0000000000000000      0x2a0
 *(.debug_aranges)
 .debug_aranges
                0x0000000000000000       0x28 ../PasswordCheckerV2_bsp//obj/HAL/src/crt0.o
 .debug_aranges
                0x0000000000000028       0x28 obj/default/hello_world_small.o
 .debug_aranges
                0x0000000000000050       0x20 c:/intelfpga_lite/16.1/nios2eds/bin/gnu/h-x86_64-mingw32/bin/../lib/gcc/nios2-elf/5.3.0/../../../../../H-x86_64-mingw32/nios2-elf/lib\libsmallc.a(lib_a-memcpy.o)
 .debug_aranges
                0x0000000000000070       0x20 ../PasswordCheckerV2_bsp/\libhal_bsp.a(alt_load.o)
 .debug_aranges
                0x0000000000000090       0x20 ../PasswordCheckerV2_bsp/\libhal_bsp.a(alt_main.o)
 .debug_aranges
                0x00000000000000b0       0x20 ../PasswordCheckerV2_bsp/\libhal_bsp.a(alt_printf.o)
 .debug_aranges
                0x00000000000000d0       0x20 ../PasswordCheckerV2_bsp/\libhal_bsp.a(alt_putchar.o)
 .debug_aranges
                0x00000000000000f0       0x20 ../PasswordCheckerV2_bsp/\libhal_bsp.a(alt_sys_init.o)
 .debug_aranges
                0x0000000000000110       0x20 ../PasswordCheckerV2_bsp/\libhal_bsp.a(altera_avalon_jtag_uart_write.o)
 .debug_aranges
                0x0000000000000130       0x20 ../PasswordCheckerV2_bsp/\libhal_bsp.a(altera_up_avalon_character_lcd.o)
 .debug_aranges
                0x0000000000000150       0x20 ../PasswordCheckerV2_bsp/\libhal_bsp.a(alt_dcache_flush_all.o)
 .debug_aranges
                0x0000000000000170       0x20 ../PasswordCheckerV2_bsp/\libhal_bsp.a(alt_dev.o)
 .debug_aranges
                0x0000000000000190       0x20 ../PasswordCheckerV2_bsp/\libhal_bsp.a(alt_dev_llist_insert.o)
 .debug_aranges
                0x00000000000001b0       0x18 ../PasswordCheckerV2_bsp/\libhal_bsp.a(alt_errno.o)
 .debug_aranges
                0x00000000000001c8       0x20 ../PasswordCheckerV2_bsp/\libhal_bsp.a(alt_find_dev.o)
 .debug_aranges
                0x00000000000001e8       0x20 ../PasswordCheckerV2_bsp/\libhal_bsp.a(alt_icache_flush_all.o)
 .debug_aranges
                0x0000000000000208       0x20 ../PasswordCheckerV2_bsp/\libhal_bsp.a(altera_nios2_gen2_irq.o)
 .debug_aranges
                0x0000000000000228       0x20 ../PasswordCheckerV2_bsp/\libhal_bsp.a(alt_icache_flush.o)
 .debug_aranges
                0x0000000000000248       0x18 c:/intelfpga_lite/16.1/nios2eds/bin/gnu/h-x86_64-mingw32/bin/../lib/gcc/nios2-elf/5.3.0/../../../../../H-x86_64-mingw32/nios2-elf/lib\libsmallc.a(lib_a-int_errno.o)
 .debug_aranges
                0x0000000000000260       0x20 c:/intelfpga_lite/16.1/nios2eds/bin/gnu/h-x86_64-mingw32/bin/../lib/gcc/nios2-elf/5.3.0/../../../../../H-x86_64-mingw32/nios2-elf/lib\libsmallc.a(lib_a-memcmp.o)
 .debug_aranges
                0x0000000000000280       0x20 c:/intelfpga_lite/16.1/nios2eds/bin/gnu/h-x86_64-mingw32/bin/../lib/gcc/nios2-elf/5.3.0/../../../../../H-x86_64-mingw32/nios2-elf/lib\libsmallc.a(lib_a-strlen.o)

.debug_pubnames
 *(.debug_pubnames)

.debug_info     0x0000000000000000     0x29d7
 *(.debug_info .gnu.linkonce.wi.*)
 .debug_info    0x0000000000000000       0x76 ../PasswordCheckerV2_bsp//obj/HAL/src/crt0.o
 .debug_info    0x0000000000000076      0x552 obj/default/hello_world_small.o
 .debug_info    0x00000000000005c8      0x119 c:/intelfpga_lite/16.1/nios2eds/bin/gnu/h-x86_64-mingw32/bin/../lib/gcc/nios2-elf/5.3.0/../../../../../H-x86_64-mingw32/nios2-elf/lib\libsmallc.a(lib_a-memcpy.o)
 .debug_info    0x00000000000006e1      0x1c9 ../PasswordCheckerV2_bsp/\libhal_bsp.a(alt_load.o)
 .debug_info    0x00000000000008aa      0x169 ../PasswordCheckerV2_bsp/\libhal_bsp.a(alt_main.o)
 .debug_info    0x0000000000000a13      0x14d ../PasswordCheckerV2_bsp/\libhal_bsp.a(alt_printf.o)
 .debug_info    0x0000000000000b60      0x12a ../PasswordCheckerV2_bsp/\libhal_bsp.a(alt_putchar.o)
 .debug_info    0x0000000000000c8a      0x4e5 ../PasswordCheckerV2_bsp/\libhal_bsp.a(alt_sys_init.o)
 .debug_info    0x000000000000116f      0x197 ../PasswordCheckerV2_bsp/\libhal_bsp.a(altera_avalon_jtag_uart_write.o)
 .debug_info    0x0000000000001306      0x79d ../PasswordCheckerV2_bsp/\libhal_bsp.a(altera_up_avalon_character_lcd.o)
 .debug_info    0x0000000000001aa3       0xa6 ../PasswordCheckerV2_bsp/\libhal_bsp.a(alt_dcache_flush_all.o)
 .debug_info    0x0000000000001b49      0x499 ../PasswordCheckerV2_bsp/\libhal_bsp.a(alt_dev.o)
 .debug_info    0x0000000000001fe2      0x1b3 ../PasswordCheckerV2_bsp/\libhal_bsp.a(alt_dev_llist_insert.o)
 .debug_info    0x0000000000002195       0xa6 ../PasswordCheckerV2_bsp/\libhal_bsp.a(alt_errno.o)
 .debug_info    0x000000000000223b      0x32d ../PasswordCheckerV2_bsp/\libhal_bsp.a(alt_find_dev.o)
 .debug_info    0x0000000000002568       0xb8 ../PasswordCheckerV2_bsp/\libhal_bsp.a(alt_icache_flush_all.o)
 .debug_info    0x0000000000002620       0x92 ../PasswordCheckerV2_bsp/\libhal_bsp.a(altera_nios2_gen2_irq.o)
 .debug_info    0x00000000000026b2       0xde ../PasswordCheckerV2_bsp/\libhal_bsp.a(alt_icache_flush.o)
 .debug_info    0x0000000000002790       0x8a c:/intelfpga_lite/16.1/nios2eds/bin/gnu/h-x86_64-mingw32/bin/../lib/gcc/nios2-elf/5.3.0/../../../../../H-x86_64-mingw32/nios2-elf/lib\libsmallc.a(lib_a-int_errno.o)
 .debug_info    0x000000000000281a       0xf4 c:/intelfpga_lite/16.1/nios2eds/bin/gnu/h-x86_64-mingw32/bin/../lib/gcc/nios2-elf/5.3.0/../../../../../H-x86_64-mingw32/nios2-elf/lib\libsmallc.a(lib_a-memcmp.o)
 .debug_info    0x000000000000290e       0xc9 c:/intelfpga_lite/16.1/nios2eds/bin/gnu/h-x86_64-mingw32/bin/../lib/gcc/nios2-elf/5.3.0/../../../../../H-x86_64-mingw32/nios2-elf/lib\libsmallc.a(lib_a-strlen.o)

.debug_abbrev   0x0000000000000000     0x1102
 *(.debug_abbrev)
 .debug_abbrev  0x0000000000000000       0x12 ../PasswordCheckerV2_bsp//obj/HAL/src/crt0.o
 .debug_abbrev  0x0000000000000012      0x1c8 obj/default/hello_world_small.o
 .debug_abbrev  0x00000000000001da       0x9c c:/intelfpga_lite/16.1/nios2eds/bin/gnu/h-x86_64-mingw32/bin/../lib/gcc/nios2-elf/5.3.0/../../../../../H-x86_64-mingw32/nios2-elf/lib\libsmallc.a(lib_a-memcpy.o)
 .debug_abbrev  0x0000000000000276       0xd8 ../PasswordCheckerV2_bsp/\libhal_bsp.a(alt_load.o)
 .debug_abbrev  0x000000000000034e       0xee ../PasswordCheckerV2_bsp/\libhal_bsp.a(alt_main.o)
 .debug_abbrev  0x000000000000043c       0xd5 ../PasswordCheckerV2_bsp/\libhal_bsp.a(alt_printf.o)
 .debug_abbrev  0x0000000000000511       0xd2 ../PasswordCheckerV2_bsp/\libhal_bsp.a(alt_putchar.o)
 .debug_abbrev  0x00000000000005e3      0x1d5 ../PasswordCheckerV2_bsp/\libhal_bsp.a(alt_sys_init.o)
 .debug_abbrev  0x00000000000007b8       0xd5 ../PasswordCheckerV2_bsp/\libhal_bsp.a(altera_avalon_jtag_uart_write.o)
 .debug_abbrev  0x000000000000088d      0x226 ../PasswordCheckerV2_bsp/\libhal_bsp.a(altera_up_avalon_character_lcd.o)
 .debug_abbrev  0x0000000000000ab3       0x5a ../PasswordCheckerV2_bsp/\libhal_bsp.a(alt_dcache_flush_all.o)
 .debug_abbrev  0x0000000000000b0d       0xd9 ../PasswordCheckerV2_bsp/\libhal_bsp.a(alt_dev.o)
 .debug_abbrev  0x0000000000000be6      0x11c ../PasswordCheckerV2_bsp/\libhal_bsp.a(alt_dev_llist_insert.o)
 .debug_abbrev  0x0000000000000d02       0x5a ../PasswordCheckerV2_bsp/\libhal_bsp.a(alt_errno.o)
 .debug_abbrev  0x0000000000000d5c      0x125 ../PasswordCheckerV2_bsp/\libhal_bsp.a(alt_find_dev.o)
 .debug_abbrev  0x0000000000000e81       0x6f ../PasswordCheckerV2_bsp/\libhal_bsp.a(alt_icache_flush_all.o)
 .debug_abbrev  0x0000000000000ef0       0x42 ../PasswordCheckerV2_bsp/\libhal_bsp.a(altera_nios2_gen2_irq.o)
 .debug_abbrev  0x0000000000000f32       0x9b ../PasswordCheckerV2_bsp/\libhal_bsp.a(alt_icache_flush.o)
 .debug_abbrev  0x0000000000000fcd       0x37 c:/intelfpga_lite/16.1/nios2eds/bin/gnu/h-x86_64-mingw32/bin/../lib/gcc/nios2-elf/5.3.0/../../../../../H-x86_64-mingw32/nios2-elf/lib\libsmallc.a(lib_a-int_errno.o)
 .debug_abbrev  0x0000000000001004       0x7f c:/intelfpga_lite/16.1/nios2eds/bin/gnu/h-x86_64-mingw32/bin/../lib/gcc/nios2-elf/5.3.0/../../../../../H-x86_64-mingw32/nios2-elf/lib\libsmallc.a(lib_a-memcmp.o)
 .debug_abbrev  0x0000000000001083       0x7f c:/intelfpga_lite/16.1/nios2eds/bin/gnu/h-x86_64-mingw32/bin/../lib/gcc/nios2-elf/5.3.0/../../../../../H-x86_64-mingw32/nios2-elf/lib\libsmallc.a(lib_a-strlen.o)

.debug_line     0x0000000000000000     0x1203
 *(.debug_line)
 .debug_line    0x0000000000000000       0x72 ../PasswordCheckerV2_bsp//obj/HAL/src/crt0.o
 .debug_line    0x0000000000000072      0x1a5 obj/default/hello_world_small.o
 .debug_line    0x0000000000000217      0x15b c:/intelfpga_lite/16.1/nios2eds/bin/gnu/h-x86_64-mingw32/bin/../lib/gcc/nios2-elf/5.3.0/../../../../../H-x86_64-mingw32/nios2-elf/lib\libsmallc.a(lib_a-memcpy.o)
 .debug_line    0x0000000000000372       0xa4 ../PasswordCheckerV2_bsp/\libhal_bsp.a(alt_load.o)
 .debug_line    0x0000000000000416       0xbd ../PasswordCheckerV2_bsp/\libhal_bsp.a(alt_main.o)
 .debug_line    0x00000000000004d3      0x112 ../PasswordCheckerV2_bsp/\libhal_bsp.a(alt_printf.o)
 .debug_line    0x00000000000005e5       0x55 ../PasswordCheckerV2_bsp/\libhal_bsp.a(alt_putchar.o)
 .debug_line    0x000000000000063a      0x186 ../PasswordCheckerV2_bsp/\libhal_bsp.a(alt_sys_init.o)
 .debug_line    0x00000000000007c0       0xf0 ../PasswordCheckerV2_bsp/\libhal_bsp.a(altera_avalon_jtag_uart_write.o)
 .debug_line    0x00000000000008b0      0x186 ../PasswordCheckerV2_bsp/\libhal_bsp.a(altera_up_avalon_character_lcd.o)
 .debug_line    0x0000000000000a36       0x5a ../PasswordCheckerV2_bsp/\libhal_bsp.a(alt_dcache_flush_all.o)
 .debug_line    0x0000000000000a90       0xf6 ../PasswordCheckerV2_bsp/\libhal_bsp.a(alt_dev.o)
 .debug_line    0x0000000000000b86       0xd8 ../PasswordCheckerV2_bsp/\libhal_bsp.a(alt_dev_llist_insert.o)
 .debug_line    0x0000000000000c5e       0x51 ../PasswordCheckerV2_bsp/\libhal_bsp.a(alt_errno.o)
 .debug_line    0x0000000000000caf      0x107 ../PasswordCheckerV2_bsp/\libhal_bsp.a(alt_find_dev.o)
 .debug_line    0x0000000000000db6       0x6e ../PasswordCheckerV2_bsp/\libhal_bsp.a(alt_icache_flush_all.o)
 .debug_line    0x0000000000000e24       0x50 ../PasswordCheckerV2_bsp/\libhal_bsp.a(altera_nios2_gen2_irq.o)
 .debug_line    0x0000000000000e74       0x7d ../PasswordCheckerV2_bsp/\libhal_bsp.a(alt_icache_flush.o)
 .debug_line    0x0000000000000ef1       0x5c c:/intelfpga_lite/16.1/nios2eds/bin/gnu/h-x86_64-mingw32/bin/../lib/gcc/nios2-elf/5.3.0/../../../../../H-x86_64-mingw32/nios2-elf/lib\libsmallc.a(lib_a-int_errno.o)
 .debug_line    0x0000000000000f4d      0x15d c:/intelfpga_lite/16.1/nios2eds/bin/gnu/h-x86_64-mingw32/bin/../lib/gcc/nios2-elf/5.3.0/../../../../../H-x86_64-mingw32/nios2-elf/lib\libsmallc.a(lib_a-memcmp.o)
 .debug_line    0x00000000000010aa      0x159 c:/intelfpga_lite/16.1/nios2eds/bin/gnu/h-x86_64-mingw32/bin/../lib/gcc/nios2-elf/5.3.0/../../../../../H-x86_64-mingw32/nios2-elf/lib\libsmallc.a(lib_a-strlen.o)

.debug_frame    0x0000000000000000      0x414
 *(.debug_frame)
 .debug_frame   0x0000000000000000       0x70 obj/default/hello_world_small.o
 .debug_frame   0x0000000000000070       0x20 c:/intelfpga_lite/16.1/nios2eds/bin/gnu/h-x86_64-mingw32/bin/../lib/gcc/nios2-elf/5.3.0/../../../../../H-x86_64-mingw32/nios2-elf/lib\libsmallc.a(lib_a-memcpy.o)
 .debug_frame   0x0000000000000090       0x30 ../PasswordCheckerV2_bsp/\libhal_bsp.a(alt_load.o)
 .debug_frame   0x00000000000000c0       0x2c ../PasswordCheckerV2_bsp/\libhal_bsp.a(alt_main.o)
 .debug_frame   0x00000000000000ec       0x54 ../PasswordCheckerV2_bsp/\libhal_bsp.a(alt_printf.o)
 .debug_frame   0x0000000000000140       0x30 ../PasswordCheckerV2_bsp/\libhal_bsp.a(alt_putchar.o)
 .debug_frame   0x0000000000000170       0x50 ../PasswordCheckerV2_bsp/\libhal_bsp.a(alt_sys_init.o)
 .debug_frame   0x00000000000001c0       0x20 ../PasswordCheckerV2_bsp/\libhal_bsp.a(altera_avalon_jtag_uart_write.o)
 .debug_frame   0x00000000000001e0       0xec ../PasswordCheckerV2_bsp/\libhal_bsp.a(altera_up_avalon_character_lcd.o)
 .debug_frame   0x00000000000002cc       0x20 ../PasswordCheckerV2_bsp/\libhal_bsp.a(alt_dcache_flush_all.o)
 .debug_frame   0x00000000000002ec       0x20 ../PasswordCheckerV2_bsp/\libhal_bsp.a(alt_dev.o)
 .debug_frame   0x000000000000030c       0x2c ../PasswordCheckerV2_bsp/\libhal_bsp.a(alt_dev_llist_insert.o)
 .debug_frame   0x0000000000000338       0x3c ../PasswordCheckerV2_bsp/\libhal_bsp.a(alt_find_dev.o)
 .debug_frame   0x0000000000000374       0x20 ../PasswordCheckerV2_bsp/\libhal_bsp.a(alt_icache_flush_all.o)
 .debug_frame   0x0000000000000394       0x20 ../PasswordCheckerV2_bsp/\libhal_bsp.a(altera_nios2_gen2_irq.o)
 .debug_frame   0x00000000000003b4       0x20 ../PasswordCheckerV2_bsp/\libhal_bsp.a(alt_icache_flush.o)
 .debug_frame   0x00000000000003d4       0x20 c:/intelfpga_lite/16.1/nios2eds/bin/gnu/h-x86_64-mingw32/bin/../lib/gcc/nios2-elf/5.3.0/../../../../../H-x86_64-mingw32/nios2-elf/lib\libsmallc.a(lib_a-memcmp.o)
 .debug_frame   0x00000000000003f4       0x20 c:/intelfpga_lite/16.1/nios2eds/bin/gnu/h-x86_64-mingw32/bin/../lib/gcc/nios2-elf/5.3.0/../../../../../H-x86_64-mingw32/nios2-elf/lib\libsmallc.a(lib_a-strlen.o)

.debug_str      0x0000000000000000      0xcb0
 *(.debug_str)
 .debug_str     0x0000000000000000      0x2d4 obj/default/hello_world_small.o
                                        0x32e (size before relaxing)
 .debug_str     0x00000000000002d4      0x134 c:/intelfpga_lite/16.1/nios2eds/bin/gnu/h-x86_64-mingw32/bin/../lib/gcc/nios2-elf/5.3.0/../../../../../H-x86_64-mingw32/nios2-elf/lib\libsmallc.a(lib_a-memcpy.o)
                                        0x1d9 (size before relaxing)
 .debug_str     0x0000000000000408      0x155 ../PasswordCheckerV2_bsp/\libhal_bsp.a(alt_load.o)
                                        0x241 (size before relaxing)
 .debug_str     0x000000000000055d       0x5e ../PasswordCheckerV2_bsp/\libhal_bsp.a(alt_main.o)
                                        0x1ba (size before relaxing)
 .debug_str     0x00000000000005bb       0x59 ../PasswordCheckerV2_bsp/\libhal_bsp.a(alt_printf.o)
                                        0x10b (size before relaxing)
 .debug_str     0x0000000000000614       0x60 ../PasswordCheckerV2_bsp/\libhal_bsp.a(alt_putchar.o)
                                        0x192 (size before relaxing)
 .debug_str     0x0000000000000674      0x115 ../PasswordCheckerV2_bsp/\libhal_bsp.a(alt_sys_init.o)
                                        0x37c (size before relaxing)
 .debug_str     0x0000000000000789       0x32 ../PasswordCheckerV2_bsp/\libhal_bsp.a(altera_avalon_jtag_uart_write.o)
                                        0x21a (size before relaxing)
 .debug_str     0x00000000000007bb      0x17f ../PasswordCheckerV2_bsp/\libhal_bsp.a(altera_up_avalon_character_lcd.o)
                                        0x403 (size before relaxing)
 .debug_str     0x000000000000093a       0x1f ../PasswordCheckerV2_bsp/\libhal_bsp.a(alt_dcache_flush_all.o)
                                        0x15a (size before relaxing)
 .debug_str     0x0000000000000959      0x12c ../PasswordCheckerV2_bsp/\libhal_bsp.a(alt_dev.o)
                                        0x30a (size before relaxing)
 .debug_str     0x0000000000000a85       0x4e ../PasswordCheckerV2_bsp/\libhal_bsp.a(alt_dev_llist_insert.o)
                                        0x1d1 (size before relaxing)
 .debug_str     0x0000000000000ad3       0x14 ../PasswordCheckerV2_bsp/\libhal_bsp.a(alt_errno.o)
                                        0x14a (size before relaxing)
 .debug_str     0x0000000000000ae7       0x25 ../PasswordCheckerV2_bsp/\libhal_bsp.a(alt_find_dev.o)
                                        0x1ff (size before relaxing)
 .debug_str     0x0000000000000b0c       0x30 ../PasswordCheckerV2_bsp/\libhal_bsp.a(alt_icache_flush_all.o)
                                        0x16b (size before relaxing)
 .debug_str     0x0000000000000b3c       0x20 ../PasswordCheckerV2_bsp/\libhal_bsp.a(altera_nios2_gen2_irq.o)
                                        0x161 (size before relaxing)
 .debug_str     0x0000000000000b5c       0x1b ../PasswordCheckerV2_bsp/\libhal_bsp.a(alt_icache_flush.o)
                                        0x160 (size before relaxing)
 .debug_str     0x0000000000000b77       0xc5 c:/intelfpga_lite/16.1/nios2eds/bin/gnu/h-x86_64-mingw32/bin/../lib/gcc/nios2-elf/5.3.0/../../../../../H-x86_64-mingw32/nios2-elf/lib\libsmallc.a(lib_a-int_errno.o)
                                        0x1be (size before relaxing)
 .debug_str     0x0000000000000c3c       0x3a c:/intelfpga_lite/16.1/nios2eds/bin/gnu/h-x86_64-mingw32/bin/../lib/gcc/nios2-elf/5.3.0/../../../../../H-x86_64-mingw32/nios2-elf/lib\libsmallc.a(lib_a-memcmp.o)
                                        0x1c5 (size before relaxing)
 .debug_str     0x0000000000000c76       0x3a c:/intelfpga_lite/16.1/nios2eds/bin/gnu/h-x86_64-mingw32/bin/../lib/gcc/nios2-elf/5.3.0/../../../../../H-x86_64-mingw32/nios2-elf/lib\libsmallc.a(lib_a-strlen.o)
                                        0x1cb (size before relaxing)

.debug_loc      0x0000000000000000      0xae8
 *(.debug_loc)
 .debug_loc     0x0000000000000000       0xf5 obj/default/hello_world_small.o
 .debug_loc     0x00000000000000f5      0x135 c:/intelfpga_lite/16.1/nios2eds/bin/gnu/h-x86_64-mingw32/bin/../lib/gcc/nios2-elf/5.3.0/../../../../../H-x86_64-mingw32/nios2-elf/lib\libsmallc.a(lib_a-memcpy.o)
 .debug_loc     0x000000000000022a      0x1de ../PasswordCheckerV2_bsp/\libhal_bsp.a(alt_printf.o)
 .debug_loc     0x0000000000000408       0x2c ../PasswordCheckerV2_bsp/\libhal_bsp.a(alt_putchar.o)
 .debug_loc     0x0000000000000434       0x39 ../PasswordCheckerV2_bsp/\libhal_bsp.a(alt_sys_init.o)
 .debug_loc     0x000000000000046d       0x8b ../PasswordCheckerV2_bsp/\libhal_bsp.a(altera_avalon_jtag_uart_write.o)
 .debug_loc     0x00000000000004f8      0x3d1 ../PasswordCheckerV2_bsp/\libhal_bsp.a(altera_up_avalon_character_lcd.o)
 .debug_loc     0x00000000000008c9       0x1f ../PasswordCheckerV2_bsp/\libhal_bsp.a(alt_dcache_flush_all.o)
 .debug_loc     0x00000000000008e8       0x7e ../PasswordCheckerV2_bsp/\libhal_bsp.a(alt_dev_llist_insert.o)
 .debug_loc     0x0000000000000966       0x7e ../PasswordCheckerV2_bsp/\libhal_bsp.a(alt_find_dev.o)
 .debug_loc     0x00000000000009e4       0x52 ../PasswordCheckerV2_bsp/\libhal_bsp.a(alt_icache_flush.o)
 .debug_loc     0x0000000000000a36       0x94 c:/intelfpga_lite/16.1/nios2eds/bin/gnu/h-x86_64-mingw32/bin/../lib/gcc/nios2-elf/5.3.0/../../../../../H-x86_64-mingw32/nios2-elf/lib\libsmallc.a(lib_a-memcmp.o)
 .debug_loc     0x0000000000000aca       0x1e c:/intelfpga_lite/16.1/nios2eds/bin/gnu/h-x86_64-mingw32/bin/../lib/gcc/nios2-elf/5.3.0/../../../../../H-x86_64-mingw32/nios2-elf/lib\libsmallc.a(lib_a-strlen.o)

.debug_macinfo
 *(.debug_macinfo)

.debug_weaknames
 *(.debug_weaknames)

.debug_funcnames
 *(.debug_funcnames)

.debug_typenames
 *(.debug_typenames)

.debug_varnames
 *(.debug_varnames)

.debug_alt_sim_info
                0x0000000000000000       0x30
 *(.debug_alt_sim_info)
 .debug_alt_sim_info
                0x0000000000000000       0x30 ../PasswordCheckerV2_bsp//obj/HAL/src/crt0.o
                0x000000000ffffc00                __alt_data_end = 0xffffc00
                0x000000000ffffc00                PROVIDE (__alt_stack_pointer, __alt_data_end)
                [!provide]                        PROVIDE (__alt_stack_limit, __alt_stack_base)
                [!provide]                        PROVIDE (__alt_interrupt_stack_pointer, 0x10000000)
                [!provide]                        PROVIDE (__alt_interrupt_stack_limit, 0xffffc00)
                [!provide]                        PROVIDE (__alt_heap_start, end)
                [!provide]                        PROVIDE (__alt_heap_limit, 0xffffc00)
OUTPUT(PasswordCheckerV2.elf elf32-littlenios2)

.debug_ranges   0x0000000000000000      0x138
 .debug_ranges  0x0000000000000000       0x20 ../PasswordCheckerV2_bsp//obj/HAL/src/crt0.o
 .debug_ranges  0x0000000000000020       0x40 obj/default/hello_world_small.o
 .debug_ranges  0x0000000000000060       0x10 c:/intelfpga_lite/16.1/nios2eds/bin/gnu/h-x86_64-mingw32/bin/../lib/gcc/nios2-elf/5.3.0/../../../../../H-x86_64-mingw32/nios2-elf/lib\libsmallc.a(lib_a-memcpy.o)
 .debug_ranges  0x0000000000000070       0x48 ../PasswordCheckerV2_bsp/\libhal_bsp.a(alt_load.o)
 .debug_ranges  0x00000000000000b8       0x18 ../PasswordCheckerV2_bsp/\libhal_bsp.a(alt_printf.o)
 .debug_ranges  0x00000000000000d0       0x18 ../PasswordCheckerV2_bsp/\libhal_bsp.a(alt_sys_init.o)
 .debug_ranges  0x00000000000000e8       0x20 ../PasswordCheckerV2_bsp/\libhal_bsp.a(alt_dev_llist_insert.o)
 .debug_ranges  0x0000000000000108       0x10 ../PasswordCheckerV2_bsp/\libhal_bsp.a(alt_icache_flush.o)
 .debug_ranges  0x0000000000000118       0x10 c:/intelfpga_lite/16.1/nios2eds/bin/gnu/h-x86_64-mingw32/bin/../lib/gcc/nios2-elf/5.3.0/../../../../../H-x86_64-mingw32/nios2-elf/lib\libsmallc.a(lib_a-memcmp.o)
 .debug_ranges  0x0000000000000128       0x10 c:/intelfpga_lite/16.1/nios2eds/bin/gnu/h-x86_64-mingw32/bin/../lib/gcc/nios2-elf/5.3.0/../../../../../H-x86_64-mingw32/nios2-elf/lib\libsmallc.a(lib_a-strlen.o)
